[www.allegro.cc/manual/5/index.html]
[backblue.gif]
[fade.gif]
[index.html]
[www.allegro.cc/manual/5/manual.css]
[www.allegro.cc/manual/5/config.html]
[www.allegro.cc/manual/5/display.html]
[www.allegro.cc/manual/5/events.html]
[www.allegro.cc/manual/5/file.html]
[www.allegro.cc/manual/5/fshook.html]
[www.allegro.cc/manual/5/fixed.html]
[www.allegro.cc/manual/5/graphics.html]
[www.allegro.cc/manual/5/joystick.html]
[www.allegro.cc/manual/5/keyboard.html]
[www.allegro.cc/manual/5/memory.html]
[www.allegro.cc/manual/5/mouse.html]
[www.allegro.cc/manual/5/path.html]
[www.allegro.cc/manual/5/state.html]
[www.allegro.cc/manual/5/system.html]
[www.allegro.cc/manual/5/threads.html]
[www.allegro.cc/manual/5/time.html]
[www.allegro.cc/manual/5/timer.html]
[www.allegro.cc/manual/5/transformations.html]
[www.allegro.cc/manual/5/utf8.html]
[www.allegro.cc/manual/5/misc.html]
[www.allegro.cc/manual/5/platform.html]
[www.allegro.cc/manual/5/direct3d.html]
[www.allegro.cc/manual/5/opengl.html]
[www.allegro.cc/manual/5/audio.html]
[www.allegro.cc/manual/5/acodec.html]
[www.allegro.cc/manual/5/color.html]
[www.allegro.cc/manual/5/font.html]
[www.allegro.cc/manual/5/image.html]
[www.allegro.cc/manual/5/memfile.html]
[www.allegro.cc/manual/5/native_dialog.html]
[www.allegro.cc/manual/5/physfs.html]
[www.allegro.cc/manual/5/primitives.html]
[www.allegro.cc/manual/5/index.html]
[www.allegro.cc/manual/5/getting_started.html]
[www.allegro.cc/manual/5/ALLEGRO_CONFIG.html]
[www.allegro.cc/manual/5/al_create_config.html]
[www.allegro.cc/manual/5/al_destroy_config.html]
[www.allegro.cc/manual/5/al_load_config_file.html]
[www.allegro.cc/manual/5/al_load_config_file_f.html]
[www.allegro.cc/manual/5/al_save_config_file.html]
[www.allegro.cc/manual/5/al_save_config_file_f.html]
[www.allegro.cc/manual/5/al_add_config_section.html]
[www.allegro.cc/manual/5/al_add_config_comment.html]
[www.allegro.cc/manual/5/al_get_config_value.html]
[www.allegro.cc/manual/5/al_set_config_value.html]
[www.allegro.cc/manual/5/al_get_first_config_section.html]
[www.allegro.cc/manual/5/al_get_next_config_section.html]
[www.allegro.cc/manual/5/al_get_first_config_entry.html]
[www.allegro.cc/manual/5/al_get_next_config_entry.html]
[www.allegro.cc/manual/5/al_merge_config.html]
[www.allegro.cc/manual/5/config.html]
[www.allegro.cc/manual/5/al_merge_config_into.html]
[www.allegro.cc/manual/5/ALLEGRO_DISPLAY.html]
[www.allegro.cc/manual/5/al_create_display.html]
[www.allegro.cc/manual/5/al_destroy_display.html]
[www.allegro.cc/manual/5/al_get_new_display_flags.html]
[www.allegro.cc/manual/5/al_get_new_display_refresh_rate.html]
[www.allegro.cc/manual/5/al_get_new_window_position.html]
[www.allegro.cc/manual/5/al_set_new_display_option.html]
[www.allegro.cc/manual/5/al_get_new_display_option.html]
[www.allegro.cc/manual/5/al_reset_new_display_options.html]
[www.allegro.cc/manual/5/al_set_new_display_flags.html]
[www.allegro.cc/manual/5/al_set_new_display_refresh_rate.html]
[www.allegro.cc/manual/5/al_set_new_window_position.html]
[www.allegro.cc/manual/5/al_acknowledge_resize.html]
[www.allegro.cc/manual/5/al_flip_display.html]
[www.allegro.cc/manual/5/al_get_backbuffer.html]
[www.allegro.cc/manual/5/al_get_display_flags.html]
[www.allegro.cc/manual/5/al_get_display_format.html]
[www.allegro.cc/manual/5/al_get_display_height.html]
[www.allegro.cc/manual/5/al_get_display_refresh_rate.html]
[www.allegro.cc/manual/5/al_get_display_width.html]
[www.allegro.cc/manual/5/al_get_window_position.html]
[www.allegro.cc/manual/5/al_inhibit_screensaver.html]
[www.allegro.cc/manual/5/al_resize_display.html]
[www.allegro.cc/manual/5/al_set_display_icon.html]
[www.allegro.cc/manual/5/al_get_display_option.html]
[www.allegro.cc/manual/5/al_set_window_position.html]
[www.allegro.cc/manual/5/al_set_window_title.html]
[www.allegro.cc/manual/5/al_toggle_display_flag.html]
[www.allegro.cc/manual/5/al_update_display_region.html]
[www.allegro.cc/manual/5/al_wait_for_vsync.html]
[www.allegro.cc/manual/5/al_get_display_event_source.html]
[www.allegro.cc/manual/5/ALLEGRO_DISPLAY_MODE.html]
[www.allegro.cc/manual/5/al_get_display_mode.html]
[www.allegro.cc/manual/5/al_get_num_display_modes.html]
[www.allegro.cc/manual/5/ALLEGRO_MONITOR_INFO.html]
[www.allegro.cc/manual/5/al_get_new_display_adapter.html]
[www.allegro.cc/manual/5/al_set_new_display_adapter.html]
[www.allegro.cc/manual/5/al_get_monitor_info.html]
[www.allegro.cc/manual/5/display.html]
[www.allegro.cc/manual/5/al_get_num_video_adapters.html]
[www.allegro.cc/manual/5/ALLEGRO_EVENT.html]
[www.allegro.cc/manual/5/ALLEGRO_USER_EVENT.html]
[www.allegro.cc/manual/5/ALLEGRO_EVENT_QUEUE.html]
[www.allegro.cc/manual/5/ALLEGRO_EVENT_SOURCE.html]
[www.allegro.cc/manual/5/ALLEGRO_EVENT_TYPE.html]
[www.allegro.cc/manual/5/ALLEGRO_GET_EVENT_TYPE.html]
[www.allegro.cc/manual/5/ALLEGRO_EVENT_TYPE_IS_USER.html]
[www.allegro.cc/manual/5/al_create_event_queue.html]
[www.allegro.cc/manual/5/al_init_user_event_source.html]
[www.allegro.cc/manual/5/al_destroy_event_queue.html]
[www.allegro.cc/manual/5/al_destroy_user_event_source.html]
[www.allegro.cc/manual/5/al_drop_next_event.html]
[www.allegro.cc/manual/5/al_emit_user_event.html]
[www.allegro.cc/manual/5/al_is_event_queue_empty.html]
[www.allegro.cc/manual/5/al_flush_event_queue.html]
[www.allegro.cc/manual/5/al_get_event_source_data.html]
[www.allegro.cc/manual/5/al_get_next_event.html]
[www.allegro.cc/manual/5/al_peek_next_event.html]
[www.allegro.cc/manual/5/al_register_event_source.html]
[www.allegro.cc/manual/5/al_set_event_source_data.html]
[www.allegro.cc/manual/5/al_unref_user_event.html]
[www.allegro.cc/manual/5/al_unregister_event_source.html]
[www.allegro.cc/manual/5/al_wait_for_event.html]
[www.allegro.cc/manual/5/al_wait_for_event_timed.html]
[www.allegro.cc/manual/5/events.html]
[www.allegro.cc/manual/5/al_wait_for_event_until.html]
[www.allegro.cc/manual/5/ALLEGRO_FILE.html]
[www.allegro.cc/manual/5/ALLEGRO_FILE_INTERFACE.html]
[www.allegro.cc/manual/5/ALLEGRO_SEEK.html]
[www.allegro.cc/manual/5/al_fopen.html]
[www.allegro.cc/manual/5/al_fopen_interface.html]
[www.allegro.cc/manual/5/al_fclose.html]
[www.allegro.cc/manual/5/al_fread.html]
[www.allegro.cc/manual/5/al_fwrite.html]
[www.allegro.cc/manual/5/al_fflush.html]
[www.allegro.cc/manual/5/al_ftell.html]
[www.allegro.cc/manual/5/al_fseek.html]
[www.allegro.cc/manual/5/al_feof.html]
[www.allegro.cc/manual/5/al_ferror.html]
[www.allegro.cc/manual/5/al_fclearerr.html]
[www.allegro.cc/manual/5/al_fungetc.html]
[www.allegro.cc/manual/5/al_fsize.html]
[www.allegro.cc/manual/5/al_fgetc.html]
[www.allegro.cc/manual/5/al_fputc.html]
[www.allegro.cc/manual/5/al_fread16le.html]
[www.allegro.cc/manual/5/al_fread16be.html]
[www.allegro.cc/manual/5/al_fwrite16le.html]
[www.allegro.cc/manual/5/al_fwrite16be.html]
[www.allegro.cc/manual/5/al_fread32le.html]
[www.allegro.cc/manual/5/al_fread32be.html]
[www.allegro.cc/manual/5/al_fwrite32le.html]
[www.allegro.cc/manual/5/al_fwrite32be.html]
[www.allegro.cc/manual/5/al_fgets.html]
[www.allegro.cc/manual/5/al_fget_ustr.html]
[www.allegro.cc/manual/5/al_fputs.html]
[www.allegro.cc/manual/5/al_fopen_fd.html]
[www.allegro.cc/manual/5/al_make_temp_file.html]
[www.allegro.cc/manual/5/allegro_file-2.html]
[www.allegro.cc/manual/5/al_set_new_file_interface.html]
[www.allegro.cc/manual/5/al_set_standard_file_interface.html]
[www.allegro.cc/manual/5/al_get_new_file_interface.html]
[www.allegro.cc/manual/5/al_create_file_handle.html]
[www.allegro.cc/manual/5/file.html]
[www.allegro.cc/manual/5/al_get_file_userdata.html]
[www.allegro.cc/manual/5/ALLEGRO_FS_ENTRY.html]
[www.allegro.cc/manual/5/ALLEGRO_FILE_MODE.html]
[www.allegro.cc/manual/5/al_create_fs_entry.html]
[www.allegro.cc/manual/5/al_destroy_fs_entry.html]
[www.allegro.cc/manual/5/al_get_fs_entry_name.html]
[www.allegro.cc/manual/5/al_update_fs_entry.html]
[www.allegro.cc/manual/5/al_get_fs_entry_mode.html]
[www.allegro.cc/manual/5/al_get_fs_entry_atime.html]
[www.allegro.cc/manual/5/al_get_fs_entry_ctime.html]
[www.allegro.cc/manual/5/al_get_fs_entry_mtime.html]
[www.allegro.cc/manual/5/al_get_fs_entry_size.html]
[www.allegro.cc/manual/5/al_fs_entry_exists.html]
[www.allegro.cc/manual/5/al_remove_fs_entry.html]
[www.allegro.cc/manual/5/al_filename_exists.html]
[www.allegro.cc/manual/5/al_remove_filename.html]
[www.allegro.cc/manual/5/al_open_directory.html]
[www.allegro.cc/manual/5/al_read_directory.html]
[www.allegro.cc/manual/5/al_close_directory.html]
[www.allegro.cc/manual/5/al_get_current_directory.html]
[www.allegro.cc/manual/5/al_change_directory.html]
[www.allegro.cc/manual/5/al_make_directory.html]
[www.allegro.cc/manual/5/al_open_fs_entry.html]
[www.allegro.cc/manual/5/ALLEGRO_FS_INTERFACE.html]
[www.allegro.cc/manual/5/al_set_fs_interface.html]
[www.allegro.cc/manual/5/al_set_standard_fs_interface.html]
[www.allegro.cc/manual/5/fshook.html]
[www.allegro.cc/manual/5/al_get_fs_interface.html]
[www.allegro.cc/manual/5/al_fixed.html]
[www.allegro.cc/manual/5/al_itofix.html]
[www.allegro.cc/manual/5/al_fixtoi.html]
[www.allegro.cc/manual/5/al_fixfloor.html]
[www.allegro.cc/manual/5/al_fixceil.html]
[www.allegro.cc/manual/5/al_ftofix.html]
[www.allegro.cc/manual/5/al_fixtof.html]
[www.allegro.cc/manual/5/al_fixmul.html]
[www.allegro.cc/manual/5/al_fixdiv.html]
[www.allegro.cc/manual/5/al_fixadd.html]
[www.allegro.cc/manual/5/al_fixsub.html]
[www.allegro.cc/manual/5/al_fixtorad_r.html]
[www.allegro.cc/manual/5/al_radtofix_r.html]
[www.allegro.cc/manual/5/al_fixsin.html]
[www.allegro.cc/manual/5/al_fixcos.html]
[www.allegro.cc/manual/5/al_fixtan.html]
[www.allegro.cc/manual/5/al_fixasin.html]
[www.allegro.cc/manual/5/al_fixacos.html]
[www.allegro.cc/manual/5/al_fixatan.html]
[www.allegro.cc/manual/5/al_fixatan2.html]
[www.allegro.cc/manual/5/al_fixsqrt.html]
[www.allegro.cc/manual/5/fixed.html]
[www.allegro.cc/manual/5/al_fixhypot.html]
[www.allegro.cc/manual/5/ALLEGRO_COLOR.html]
[www.allegro.cc/manual/5/al_map_rgb.html]
[www.allegro.cc/manual/5/al_map_rgb_f.html]
[www.allegro.cc/manual/5/al_map_rgba.html]
[www.allegro.cc/manual/5/al_map_rgba_f.html]
[www.allegro.cc/manual/5/al_unmap_rgb.html]
[www.allegro.cc/manual/5/al_unmap_rgb_f.html]
[www.allegro.cc/manual/5/al_unmap_rgba.html]
[www.allegro.cc/manual/5/al_unmap_rgba_f.html]
[www.allegro.cc/manual/5/ALLEGRO_LOCKED_REGION.html]
[www.allegro.cc/manual/5/ALLEGRO_PIXEL_FORMAT.html]
[www.allegro.cc/manual/5/al_get_pixel_size.html]
[www.allegro.cc/manual/5/al_get_pixel_format_bits.html]
[www.allegro.cc/manual/5/al_lock_bitmap.html]
[www.allegro.cc/manual/5/al_lock_bitmap_region.html]
[www.allegro.cc/manual/5/al_unlock_bitmap.html]
[www.allegro.cc/manual/5/ALLEGRO_BITMAP.html]
[www.allegro.cc/manual/5/al_create_bitmap.html]
[www.allegro.cc/manual/5/al_create_sub_bitmap.html]
[www.allegro.cc/manual/5/al_clone_bitmap.html]
[www.allegro.cc/manual/5/al_destroy_bitmap.html]
[www.allegro.cc/manual/5/al_get_new_bitmap_flags.html]
[www.allegro.cc/manual/5/al_get_new_bitmap_format.html]
[www.allegro.cc/manual/5/al_set_new_bitmap_flags.html]
[www.allegro.cc/manual/5/al_add_new_bitmap_flag.html]
[www.allegro.cc/manual/5/al_set_new_bitmap_format.html]
[www.allegro.cc/manual/5/al_get_bitmap_flags.html]
[www.allegro.cc/manual/5/al_get_bitmap_format.html]
[www.allegro.cc/manual/5/al_get_bitmap_height.html]
[www.allegro.cc/manual/5/al_get_bitmap_width.html]
[www.allegro.cc/manual/5/al_get_pixel.html]
[www.allegro.cc/manual/5/al_is_bitmap_locked.html]
[www.allegro.cc/manual/5/al_is_compatible_bitmap.html]
[www.allegro.cc/manual/5/al_is_sub_bitmap.html]
[www.allegro.cc/manual/5/al_clear_to_color.html]
[www.allegro.cc/manual/5/al_draw_bitmap.html]
[www.allegro.cc/manual/5/al_draw_tinted_bitmap.html]
[www.allegro.cc/manual/5/al_draw_bitmap_region.html]
[www.allegro.cc/manual/5/al_draw_tinted_bitmap_region.html]
[www.allegro.cc/manual/5/al_draw_pixel.html]
[www.allegro.cc/manual/5/al_draw_rotated_bitmap.html]
[www.allegro.cc/manual/5/al_draw_tinted_rotated_bitmap.html]
[www.allegro.cc/manual/5/al_draw_scaled_rotated_bitmap.html]
[www.allegro.cc/manual/5/al_draw_tinted_scaled_rotated_bitmap.html]
[www.allegro.cc/manual/5/al_draw_scaled_bitmap.html]
[www.allegro.cc/manual/5/al_draw_tinted_scaled_bitmap.html]
[www.allegro.cc/manual/5/al_get_target_bitmap.html]
[www.allegro.cc/manual/5/al_put_pixel.html]
[www.allegro.cc/manual/5/al_put_blended_pixel.html]
[www.allegro.cc/manual/5/al_set_target_bitmap.html]
[www.allegro.cc/manual/5/al_set_target_backbuffer.html]
[www.allegro.cc/manual/5/al_get_current_display.html]
[www.allegro.cc/manual/5/al_get_blender.html]
[www.allegro.cc/manual/5/al_get_separate_blender.html]
[www.allegro.cc/manual/5/al_set_blender.html]
[www.allegro.cc/manual/5/al_set_separate_blender.html]
[www.allegro.cc/manual/5/al_get_clipping_rectangle.html]
[www.allegro.cc/manual/5/al_set_clipping_rectangle.html]
[www.allegro.cc/manual/5/al_convert_mask_to_alpha.html]
[www.allegro.cc/manual/5/al_hold_bitmap_drawing.html]
[www.allegro.cc/manual/5/al_is_bitmap_drawing_held.html]
[www.allegro.cc/manual/5/al_register_bitmap_loader.html]
[www.allegro.cc/manual/5/al_register_bitmap_saver.html]
[www.allegro.cc/manual/5/al_register_bitmap_loader_f.html]
[www.allegro.cc/manual/5/al_register_bitmap_saver_f.html]
[www.allegro.cc/manual/5/al_load_bitmap.html]
[www.allegro.cc/manual/5/al_load_bitmap_f.html]
[www.allegro.cc/manual/5/al_save_bitmap.html]
[www.allegro.cc/manual/5/al_save_bitmap_f.html]
[www.allegro.cc/manual/5/graphics.html]
[www.allegro.cc/manual/5/ALLEGRO_JOYSTICK.html]
[www.allegro.cc/manual/5/ALLEGRO_JOYSTICK_STATE.html]
[www.allegro.cc/manual/5/ALLEGRO_JOYFLAGS.html]
[www.allegro.cc/manual/5/al_install_joystick.html]
[www.allegro.cc/manual/5/al_uninstall_joystick.html]
[www.allegro.cc/manual/5/al_is_joystick_installed.html]
[www.allegro.cc/manual/5/al_reconfigure_joysticks.html]
[www.allegro.cc/manual/5/al_get_num_joysticks.html]
[www.allegro.cc/manual/5/al_get_joystick.html]
[www.allegro.cc/manual/5/al_release_joystick.html]
[www.allegro.cc/manual/5/al_get_joystick_active.html]
[www.allegro.cc/manual/5/al_get_joystick_name.html]
[www.allegro.cc/manual/5/al_get_joystick_stick_name.html]
[www.allegro.cc/manual/5/al_get_joystick_axis_name.html]
[www.allegro.cc/manual/5/al_get_joystick_button_name.html]
[www.allegro.cc/manual/5/al_get_joystick_stick_flags.html]
[www.allegro.cc/manual/5/al_get_joystick_num_sticks.html]
[www.allegro.cc/manual/5/al_get_joystick_num_axes.html]
[www.allegro.cc/manual/5/al_get_joystick_num_buttons.html]
[www.allegro.cc/manual/5/al_get_joystick_state.html]
[www.allegro.cc/manual/5/joystick.html]
[www.allegro.cc/manual/5/al_get_joystick_event_source.html]
[www.allegro.cc/manual/5/ALLEGRO_KEYBOARD_STATE.html]
[www.allegro.cc/manual/5/al_key_down.html]
[www.allegro.cc/manual/5/al_install_keyboard.html]
[www.allegro.cc/manual/5/al_is_keyboard_installed.html]
[www.allegro.cc/manual/5/al_uninstall_keyboard.html]
[www.allegro.cc/manual/5/al_get_keyboard_state.html]
[www.allegro.cc/manual/5/al_keycode_to_name.html]
[www.allegro.cc/manual/5/al_set_keyboard_leds.html]
[www.allegro.cc/manual/5/keyboard.html]
[www.allegro.cc/manual/5/al_get_keyboard_event_source.html]
[www.allegro.cc/manual/5/al_malloc.html]
[www.allegro.cc/manual/5/al_free.html]
[www.allegro.cc/manual/5/al_realloc.html]
[www.allegro.cc/manual/5/al_calloc.html]
[www.allegro.cc/manual/5/al_malloc_with_context.html]
[www.allegro.cc/manual/5/al_free_with_context.html]
[www.allegro.cc/manual/5/al_realloc_with_context.html]
[www.allegro.cc/manual/5/al_calloc_with_context.html]
[www.allegro.cc/manual/5/ALLEGRO_MEMORY_INTERFACE.html]
[www.allegro.cc/manual/5/al_set_memory_interface.html]
[www.allegro.cc/manual/5/memory.html]
[www.allegro.cc/manual/5/ALLEGRO_MOUSE_STATE.html]
[www.allegro.cc/manual/5/al_install_mouse.html]
[www.allegro.cc/manual/5/al_is_mouse_installed.html]
[www.allegro.cc/manual/5/al_uninstall_mouse.html]
[www.allegro.cc/manual/5/al_get_mouse_num_axes.html]
[www.allegro.cc/manual/5/al_get_mouse_num_buttons.html]
[www.allegro.cc/manual/5/al_get_mouse_state.html]
[www.allegro.cc/manual/5/al_get_mouse_state_axis.html]
[www.allegro.cc/manual/5/al_mouse_button_down.html]
[www.allegro.cc/manual/5/al_set_mouse_xy.html]
[www.allegro.cc/manual/5/al_set_mouse_z.html]
[www.allegro.cc/manual/5/al_set_mouse_w.html]
[www.allegro.cc/manual/5/al_set_mouse_axis.html]
[www.allegro.cc/manual/5/al_get_mouse_event_source.html]
[www.allegro.cc/manual/5/al_create_mouse_cursor.html]
[www.allegro.cc/manual/5/al_destroy_mouse_cursor.html]
[www.allegro.cc/manual/5/al_set_mouse_cursor.html]
[www.allegro.cc/manual/5/al_set_system_mouse_cursor.html]
[www.allegro.cc/manual/5/al_get_mouse_cursor_position.html]
[www.allegro.cc/manual/5/al_hide_mouse_cursor.html]
[www.allegro.cc/manual/5/al_show_mouse_cursor.html]
[www.allegro.cc/manual/5/al_grab_mouse.html]
[www.allegro.cc/manual/5/al_ungrab_mouse.html]
[www.allegro.cc/manual/5/mouse.html]
[www.allegro.cc/manual/5/al_create_path.html]
[www.allegro.cc/manual/5/al_create_path_for_directory.html]
[www.allegro.cc/manual/5/al_destroy_path.html]
[www.allegro.cc/manual/5/al_clone_path.html]
[www.allegro.cc/manual/5/al_join_paths.html]
[www.allegro.cc/manual/5/al_rebase_path.html]
[www.allegro.cc/manual/5/al_get_path_drive.html]
[www.allegro.cc/manual/5/al_get_path_num_components.html]
[www.allegro.cc/manual/5/al_get_path_component.html]
[www.allegro.cc/manual/5/al_get_path_tail.html]
[www.allegro.cc/manual/5/al_get_path_filename.html]
[www.allegro.cc/manual/5/al_get_path_basename.html]
[www.allegro.cc/manual/5/al_get_path_extension.html]
[www.allegro.cc/manual/5/al_set_path_drive.html]
[www.allegro.cc/manual/5/al_append_path_component.html]
[www.allegro.cc/manual/5/al_insert_path_component.html]
[www.allegro.cc/manual/5/al_replace_path_component.html]
[www.allegro.cc/manual/5/al_remove_path_component.html]
[www.allegro.cc/manual/5/al_drop_path_tail.html]
[www.allegro.cc/manual/5/al_set_path_filename.html]
[www.allegro.cc/manual/5/al_set_path_extension.html]
[www.allegro.cc/manual/5/al_path_cstr.html]
[www.allegro.cc/manual/5/path.html]
[www.allegro.cc/manual/5/al_make_path_canonical.html]
[www.allegro.cc/manual/5/ALLEGRO_STATE.html]
[www.allegro.cc/manual/5/ALLEGRO_STATE_FLAGS.html]
[www.allegro.cc/manual/5/al_restore_state.html]
[www.allegro.cc/manual/5/al_store_state.html]
[www.allegro.cc/manual/5/al_get_errno.html]
[www.allegro.cc/manual/5/state.html]
[www.allegro.cc/manual/5/al_set_errno.html]
[www.allegro.cc/manual/5/al_install_system.html]
[www.allegro.cc/manual/5/al_init.html]
[www.allegro.cc/manual/5/al_uninstall_system.html]
[www.allegro.cc/manual/5/al_is_system_installed.html]
[www.allegro.cc/manual/5/al_get_allegro_version.html]
[www.allegro.cc/manual/5/al_get_standard_path.html]
[www.allegro.cc/manual/5/al_set_app_name.html]
[www.allegro.cc/manual/5/al_set_org_name.html]
[www.allegro.cc/manual/5/al_get_app_name.html]
[www.allegro.cc/manual/5/al_get_org_name.html]
[www.allegro.cc/manual/5/al_get_system_config.html]
[www.allegro.cc/manual/5/system.html]
[www.allegro.cc/manual/5/ALLEGRO_THREAD.html]
[www.allegro.cc/manual/5/ALLEGRO_MUTEX.html]
[www.allegro.cc/manual/5/ALLEGRO_COND.html]
[www.allegro.cc/manual/5/al_create_thread.html]
[www.allegro.cc/manual/5/al_start_thread.html]
[www.allegro.cc/manual/5/al_join_thread.html]
[www.allegro.cc/manual/5/al_set_thread_should_stop.html]
[www.allegro.cc/manual/5/al_get_thread_should_stop.html]
[www.allegro.cc/manual/5/al_destroy_thread.html]
[www.allegro.cc/manual/5/al_run_detached_thread.html]
[www.allegro.cc/manual/5/al_create_mutex.html]
[www.allegro.cc/manual/5/al_create_mutex_recursive.html]
[www.allegro.cc/manual/5/al_lock_mutex.html]
[www.allegro.cc/manual/5/al_unlock_mutex.html]
[www.allegro.cc/manual/5/al_destroy_mutex.html]
[www.allegro.cc/manual/5/al_create_cond.html]
[www.allegro.cc/manual/5/al_destroy_cond.html]
[www.allegro.cc/manual/5/al_wait_cond.html]
[www.allegro.cc/manual/5/al_wait_cond_until.html]
[www.allegro.cc/manual/5/al_broadcast_cond.html]
[www.allegro.cc/manual/5/threads.html]
[www.allegro.cc/manual/5/al_signal_cond.html]
[www.allegro.cc/manual/5/ALLEGRO_TIMEOUT.html]
[www.allegro.cc/manual/5/al_get_time.html]
[www.allegro.cc/manual/5/al_init_timeout.html]
[www.allegro.cc/manual/5/time.html]
[www.allegro.cc/manual/5/al_rest.html]
[www.allegro.cc/manual/5/ALLEGRO_TIMER.html]
[www.allegro.cc/manual/5/ALLEGRO_USECS_TO_SECS.html]
[www.allegro.cc/manual/5/ALLEGRO_MSECS_TO_SECS.html]
[www.allegro.cc/manual/5/ALLEGRO_BPS_TO_SECS.html]
[www.allegro.cc/manual/5/ALLEGRO_BPM_TO_SECS.html]
[www.allegro.cc/manual/5/al_create_timer.html]
[www.allegro.cc/manual/5/al_start_timer.html]
[www.allegro.cc/manual/5/al_stop_timer.html]
[www.allegro.cc/manual/5/al_get_timer_started.html]
[www.allegro.cc/manual/5/al_destroy_timer.html]
[www.allegro.cc/manual/5/al_get_timer_count.html]
[www.allegro.cc/manual/5/al_set_timer_count.html]
[www.allegro.cc/manual/5/al_add_timer_count.html]
[www.allegro.cc/manual/5/al_get_timer_speed.html]
[www.allegro.cc/manual/5/al_set_timer_speed.html]
[www.allegro.cc/manual/5/timer.html]
[www.allegro.cc/manual/5/al_get_timer_event_source.html]
[www.allegro.cc/manual/5/al_rotate_transform.html]
[www.allegro.cc/manual/5/al_translate_transform.html]
[www.allegro.cc/manual/5/ALLEGRO_TRANSFORM.html]
[www.allegro.cc/manual/5/al_copy_transform.html]
[www.allegro.cc/manual/5/al_use_transform.html]
[www.allegro.cc/manual/5/al_get_current_transform.html]
[www.allegro.cc/manual/5/al_invert_transform.html]
[www.allegro.cc/manual/5/al_check_inverse.html]
[www.allegro.cc/manual/5/al_identity_transform.html]
[www.allegro.cc/manual/5/al_build_transform.html]
[www.allegro.cc/manual/5/al_scale_transform.html]
[www.allegro.cc/manual/5/al_transform_coordinates.html]
[www.allegro.cc/manual/5/transformations.html]
[www.allegro.cc/manual/5/al_compose_transform.html]
[www.allegro.cc/manual/5/al_ustr_offset.html]
[www.allegro.cc/manual/5/ALLEGRO_USTR.html]
[www.allegro.cc/manual/5/ALLEGRO_USTR_INFO.html]
[www.allegro.cc/manual/5/al_ustr_new.html]
[www.allegro.cc/manual/5/al_ustr_new_from_buffer.html]
[www.allegro.cc/manual/5/al_ustr_newf.html]
[www.allegro.cc/manual/5/al_ustr_free.html]
[www.allegro.cc/manual/5/al_cstr.html]
[www.allegro.cc/manual/5/al_ustr_to_buffer.html]
[www.allegro.cc/manual/5/al_cstr_dup.html]
[www.allegro.cc/manual/5/al_ustr_dup.html]
[www.allegro.cc/manual/5/al_ustr_dup_substr.html]
[www.allegro.cc/manual/5/al_ustr_empty_string.html]
[www.allegro.cc/manual/5/al_ref_cstr.html]
[www.allegro.cc/manual/5/al_ref_buffer.html]
[www.allegro.cc/manual/5/al_ref_ustr.html]
[www.allegro.cc/manual/5/al_ustr_size.html]
[www.allegro.cc/manual/5/al_ustr_length.html]
[www.allegro.cc/manual/5/al_ustr_next.html]
[www.allegro.cc/manual/5/al_ustr_prev.html]
[www.allegro.cc/manual/5/al_ustr_get.html]
[www.allegro.cc/manual/5/al_ustr_get_next.html]
[www.allegro.cc/manual/5/al_ustr_prev_get.html]
[www.allegro.cc/manual/5/al_ustr_insert.html]
[www.allegro.cc/manual/5/al_ustr_insert_cstr.html]
[www.allegro.cc/manual/5/al_ustr_insert_chr.html]
[www.allegro.cc/manual/5/al_ustr_append.html]
[www.allegro.cc/manual/5/al_ustr_append_cstr.html]
[www.allegro.cc/manual/5/al_ustr_append_chr.html]
[www.allegro.cc/manual/5/al_ustr_appendf.html]
[www.allegro.cc/manual/5/al_ustr_vappendf.html]
[www.allegro.cc/manual/5/al_ustr_remove_chr.html]
[www.allegro.cc/manual/5/al_ustr_remove_range.html]
[www.allegro.cc/manual/5/al_ustr_truncate.html]
[www.allegro.cc/manual/5/al_ustr_ltrim_ws.html]
[www.allegro.cc/manual/5/al_ustr_rtrim_ws.html]
[www.allegro.cc/manual/5/al_ustr_trim_ws.html]
[www.allegro.cc/manual/5/al_ustr_assign.html]
[www.allegro.cc/manual/5/al_ustr_assign_substr.html]
[www.allegro.cc/manual/5/al_ustr_assign_cstr.html]
[www.allegro.cc/manual/5/al_ustr_set_chr.html]
[www.allegro.cc/manual/5/al_ustr_replace_range.html]
[www.allegro.cc/manual/5/al_ustr_find_chr.html]
[www.allegro.cc/manual/5/al_ustr_rfind_chr.html]
[www.allegro.cc/manual/5/al_ustr_find_set.html]
[www.allegro.cc/manual/5/al_ustr_find_set_cstr.html]
[www.allegro.cc/manual/5/al_ustr_find_cset.html]
[www.allegro.cc/manual/5/al_ustr_find_cset_cstr.html]
[www.allegro.cc/manual/5/al_ustr_find_str.html]
[www.allegro.cc/manual/5/al_ustr_find_cstr.html]
[www.allegro.cc/manual/5/al_ustr_rfind_str.html]
[www.allegro.cc/manual/5/al_ustr_rfind_cstr.html]
[www.allegro.cc/manual/5/al_ustr_find_replace.html]
[www.allegro.cc/manual/5/al_ustr_find_replace_cstr.html]
[www.allegro.cc/manual/5/al_ustr_equal.html]
[www.allegro.cc/manual/5/al_ustr_compare.html]
[www.allegro.cc/manual/5/al_ustr_ncompare.html]
[www.allegro.cc/manual/5/al_ustr_has_prefix.html]
[www.allegro.cc/manual/5/al_ustr_has_prefix_cstr.html]
[www.allegro.cc/manual/5/al_ustr_has_suffix.html]
[www.allegro.cc/manual/5/al_ustr_has_suffix_cstr.html]
[www.allegro.cc/manual/5/al_ustr_new_from_utf16.html]
[www.allegro.cc/manual/5/al_ustr_size_utf16.html]
[www.allegro.cc/manual/5/al_ustr_encode_utf16.html]
[www.allegro.cc/manual/5/al_utf8_width.html]
[www.allegro.cc/manual/5/al_utf8_encode.html]
[www.allegro.cc/manual/5/al_utf16_width.html]
[www.allegro.cc/manual/5/utf8.html]
[www.allegro.cc/manual/5/al_utf16_encode.html]
[www.allegro.cc/manual/5/ALLEGRO_PI.html]
[www.allegro.cc/manual/5/misc.html]
[www.allegro.cc/manual/5/al_run_main.html]
[www.allegro.cc/manual/5/al_get_win_window_handle.html]
[www.allegro.cc/manual/5/al_iphone_program_has_halted.html]
[www.allegro.cc/manual/5/platform.html]
[www.allegro.cc/manual/5/al_iphone_override_screen_scale.html]
[www.allegro.cc/manual/5/al_get_d3d_device.html]
[www.allegro.cc/manual/5/al_get_d3d_system_texture.html]
[www.allegro.cc/manual/5/al_get_d3d_video_texture.html]
[www.allegro.cc/manual/5/al_have_d3d_non_pow2_texture_support.html]
[www.allegro.cc/manual/5/al_have_d3d_non_square_texture_support.html]
[www.allegro.cc/manual/5/al_get_d3d_texture_position.html]
[www.allegro.cc/manual/5/al_is_d3d_device_lost.html]
[www.allegro.cc/manual/5/direct3d.html]
[www.allegro.cc/manual/5/al_get_opengl_extension_list.html]
[www.allegro.cc/manual/5/al_get_opengl_proc_address.html]
[www.allegro.cc/manual/5/al_get_opengl_texture.html]
[www.allegro.cc/manual/5/al_get_opengl_texture_size.html]
[www.allegro.cc/manual/5/al_get_opengl_texture_position.html]
[www.allegro.cc/manual/5/al_get_opengl_fbo.html]
[www.allegro.cc/manual/5/al_remove_opengl_fbo.html]
[www.allegro.cc/manual/5/al_have_opengl_extension.html]
[www.allegro.cc/manual/5/al_get_opengl_version.html]
[www.allegro.cc/manual/5/al_get_opengl_variant.html]
[www.allegro.cc/manual/5/opengl.html]
[www.allegro.cc/manual/5/al_set_current_opengl_context.html]
[www.allegro.cc/manual/5/ALLEGRO_AUDIO_DEPTH.html]
[www.allegro.cc/manual/5/ALLEGRO_AUDIO_PAN_NONE.html]
[www.allegro.cc/manual/5/ALLEGRO_CHANNEL_CONF.html]
[www.allegro.cc/manual/5/ALLEGRO_MIXER.html]
[www.allegro.cc/manual/5/ALLEGRO_MIXER_QUALITY.html]
[www.allegro.cc/manual/5/ALLEGRO_PLAYMODE.html]
[www.allegro.cc/manual/5/ALLEGRO_SAMPLE_ID.html]
[www.allegro.cc/manual/5/ALLEGRO_SAMPLE.html]
[www.allegro.cc/manual/5/ALLEGRO_SAMPLE_INSTANCE.html]
[www.allegro.cc/manual/5/ALLEGRO_AUDIO_STREAM.html]
[www.allegro.cc/manual/5/ALLEGRO_VOICE.html]
[www.allegro.cc/manual/5/al_install_audio.html]
[www.allegro.cc/manual/5/al_uninstall_audio.html]
[www.allegro.cc/manual/5/al_is_audio_installed.html]
[www.allegro.cc/manual/5/al_reserve_samples.html]
[www.allegro.cc/manual/5/al_get_allegro_audio_version.html]
[www.allegro.cc/manual/5/allegro_audio_depth-2.html]
[www.allegro.cc/manual/5/allegro_channel_conf-2.html]
[www.allegro.cc/manual/5/al_create_voice.html]
[www.allegro.cc/manual/5/al_destroy_voice.html]
[www.allegro.cc/manual/5/al_detach_voice.html]
[www.allegro.cc/manual/5/al_attach_audio_stream_to_voice.html]
[www.allegro.cc/manual/5/al_attach_mixer_to_voice.html]
[www.allegro.cc/manual/5/al_attach_sample_instance_to_voice.html]
[www.allegro.cc/manual/5/al_get_voice_frequency.html]
[www.allegro.cc/manual/5/al_get_voice_channels.html]
[www.allegro.cc/manual/5/al_get_voice_depth.html]
[www.allegro.cc/manual/5/al_get_voice_playing.html]
[www.allegro.cc/manual/5/al_set_voice_playing.html]
[www.allegro.cc/manual/5/al_get_voice_position.html]
[www.allegro.cc/manual/5/al_set_voice_position.html]
[www.allegro.cc/manual/5/al_create_sample.html]
[www.allegro.cc/manual/5/al_destroy_sample.html]
[www.allegro.cc/manual/5/al_play_sample.html]
[www.allegro.cc/manual/5/al_stop_sample.html]
[www.allegro.cc/manual/5/al_stop_samples.html]
[www.allegro.cc/manual/5/al_get_sample_channels.html]
[www.allegro.cc/manual/5/al_get_sample_depth.html]
[www.allegro.cc/manual/5/al_get_sample_frequency.html]
[www.allegro.cc/manual/5/al_get_sample_length.html]
[www.allegro.cc/manual/5/al_get_sample_data.html]
[www.allegro.cc/manual/5/al_create_sample_instance.html]
[www.allegro.cc/manual/5/al_destroy_sample_instance.html]
[www.allegro.cc/manual/5/al_play_sample_instance.html]
[www.allegro.cc/manual/5/al_stop_sample_instance.html]
[www.allegro.cc/manual/5/al_get_sample_instance_channels.html]
[www.allegro.cc/manual/5/al_get_sample_instance_depth.html]
[www.allegro.cc/manual/5/al_get_sample_instance_frequency.html]
[www.allegro.cc/manual/5/al_get_sample_instance_length.html]
[www.allegro.cc/manual/5/al_set_sample_instance_length.html]
[www.allegro.cc/manual/5/al_get_sample_instance_position.html]
[www.allegro.cc/manual/5/al_set_sample_instance_position.html]
[www.allegro.cc/manual/5/al_get_sample_instance_speed.html]
[www.allegro.cc/manual/5/al_set_sample_instance_speed.html]
[www.allegro.cc/manual/5/al_get_sample_instance_gain.html]
[www.allegro.cc/manual/5/al_set_sample_instance_gain.html]
[www.allegro.cc/manual/5/al_get_sample_instance_pan.html]
[www.allegro.cc/manual/5/al_set_sample_instance_pan.html]
[www.allegro.cc/manual/5/al_get_sample_instance_time.html]
[www.allegro.cc/manual/5/al_get_sample_instance_playmode.html]
[www.allegro.cc/manual/5/al_set_sample_instance_playmode.html]
[www.allegro.cc/manual/5/al_get_sample_instance_playing.html]
[www.allegro.cc/manual/5/al_set_sample_instance_playing.html]
[www.allegro.cc/manual/5/al_get_sample_instance_attached.html]
[www.allegro.cc/manual/5/al_detach_sample_instance.html]
[www.allegro.cc/manual/5/al_get_sample.html]
[www.allegro.cc/manual/5/al_set_sample.html]
[www.allegro.cc/manual/5/al_create_mixer.html]
[www.allegro.cc/manual/5/al_destroy_mixer.html]
[www.allegro.cc/manual/5/al_get_default_mixer.html]
[www.allegro.cc/manual/5/al_set_default_mixer.html]
[www.allegro.cc/manual/5/al_restore_default_mixer.html]
[www.allegro.cc/manual/5/al_attach_mixer_to_mixer.html]
[www.allegro.cc/manual/5/al_attach_sample_instance_to_mixer.html]
[www.allegro.cc/manual/5/al_attach_audio_stream_to_mixer.html]
[www.allegro.cc/manual/5/al_get_mixer_frequency.html]
[www.allegro.cc/manual/5/al_set_mixer_frequency.html]
[www.allegro.cc/manual/5/al_get_mixer_channels.html]
[www.allegro.cc/manual/5/al_get_mixer_depth.html]
[www.allegro.cc/manual/5/al_get_mixer_quality.html]
[www.allegro.cc/manual/5/al_set_mixer_quality.html]
[www.allegro.cc/manual/5/al_get_mixer_playing.html]
[www.allegro.cc/manual/5/al_set_mixer_playing.html]
[www.allegro.cc/manual/5/al_get_mixer_attached.html]
[www.allegro.cc/manual/5/al_detach_mixer.html]
[www.allegro.cc/manual/5/al_set_mixer_postprocess_callback.html]
[www.allegro.cc/manual/5/al_create_audio_stream.html]
[www.allegro.cc/manual/5/al_destroy_audio_stream.html]
[www.allegro.cc/manual/5/al_get_audio_stream_event_source.html]
[www.allegro.cc/manual/5/al_drain_audio_stream.html]
[www.allegro.cc/manual/5/al_rewind_audio_stream.html]
[www.allegro.cc/manual/5/al_get_audio_stream_frequency.html]
[www.allegro.cc/manual/5/al_get_audio_stream_channels.html]
[www.allegro.cc/manual/5/al_get_audio_stream_depth.html]
[www.allegro.cc/manual/5/al_get_audio_stream_length.html]
[www.allegro.cc/manual/5/al_get_audio_stream_speed.html]
[www.allegro.cc/manual/5/al_set_audio_stream_speed.html]
[www.allegro.cc/manual/5/al_get_audio_stream_gain.html]
[www.allegro.cc/manual/5/al_set_audio_stream_gain.html]
[www.allegro.cc/manual/5/al_get_audio_stream_pan.html]
[www.allegro.cc/manual/5/al_set_audio_stream_pan.html]
[www.allegro.cc/manual/5/al_get_audio_stream_playing.html]
[www.allegro.cc/manual/5/al_set_audio_stream_playing.html]
[www.allegro.cc/manual/5/al_get_audio_stream_playmode.html]
[www.allegro.cc/manual/5/al_set_audio_stream_playmode.html]
[www.allegro.cc/manual/5/al_get_audio_stream_attached.html]
[www.allegro.cc/manual/5/al_detach_audio_stream.html]
[www.allegro.cc/manual/5/al_get_audio_stream_fragment.html]
[www.allegro.cc/manual/5/al_set_audio_stream_fragment.html]
[www.allegro.cc/manual/5/al_get_audio_stream_fragments.html]
[www.allegro.cc/manual/5/al_get_available_audio_stream_fragments.html]
[www.allegro.cc/manual/5/al_seek_audio_stream_secs.html]
[www.allegro.cc/manual/5/al_get_audio_stream_position_secs.html]
[www.allegro.cc/manual/5/al_get_audio_stream_length_secs.html]
[www.allegro.cc/manual/5/al_set_audio_stream_loop_secs.html]
[www.allegro.cc/manual/5/al_register_sample_loader.html]
[www.allegro.cc/manual/5/al_register_sample_loader_f.html]
[www.allegro.cc/manual/5/al_register_sample_saver.html]
[www.allegro.cc/manual/5/al_register_sample_saver_f.html]
[www.allegro.cc/manual/5/al_register_audio_stream_loader.html]
[www.allegro.cc/manual/5/al_register_audio_stream_loader_f.html]
[www.allegro.cc/manual/5/al_load_sample.html]
[www.allegro.cc/manual/5/al_load_sample_f.html]
[www.allegro.cc/manual/5/al_load_audio_stream.html]
[www.allegro.cc/manual/5/al_load_audio_stream_f.html]
[www.allegro.cc/manual/5/al_save_sample.html]
[www.allegro.cc/manual/5/audio.html]
[www.allegro.cc/manual/5/al_save_sample_f.html]
[www.allegro.cc/manual/5/al_init_acodec_addon.html]
[www.allegro.cc/manual/5/acodec.html]
[www.allegro.cc/manual/5/al_get_allegro_acodec_version.html]
[www.allegro.cc/manual/5/al_color_cmyk.html]
[www.allegro.cc/manual/5/al_color_cmyk_to_rgb.html]
[www.allegro.cc/manual/5/al_color_hsl.html]
[www.allegro.cc/manual/5/al_color_hsl_to_rgb.html]
[www.allegro.cc/manual/5/al_color_hsv.html]
[www.allegro.cc/manual/5/al_color_hsv_to_rgb.html]
[www.allegro.cc/manual/5/al_color_html.html]
[www.allegro.cc/manual/5/al_color_html_to_rgb.html]
[www.allegro.cc/manual/5/al_color_rgb_to_html.html]
[www.allegro.cc/manual/5/al_color_name.html]
[www.allegro.cc/manual/5/al_color_name_to_rgb.html]
[www.allegro.cc/manual/5/al_color_rgb_to_cmyk.html]
[www.allegro.cc/manual/5/al_color_rgb_to_hsl.html]
[www.allegro.cc/manual/5/al_color_rgb_to_hsv.html]
[www.allegro.cc/manual/5/al_color_rgb_to_name.html]
[www.allegro.cc/manual/5/al_color_rgb_to_yuv.html]
[www.allegro.cc/manual/5/al_color_yuv.html]
[www.allegro.cc/manual/5/al_color_yuv_to_rgb.html]
[www.allegro.cc/manual/5/color.html]
[www.allegro.cc/manual/5/al_get_allegro_color_version.html]
[www.allegro.cc/manual/5/ALLEGRO_FONT.html]
[www.allegro.cc/manual/5/al_init_font_addon.html]
[www.allegro.cc/manual/5/al_shutdown_font_addon.html]
[www.allegro.cc/manual/5/al_load_font.html]
[www.allegro.cc/manual/5/al_destroy_font.html]
[www.allegro.cc/manual/5/al_register_font_loader.html]
[www.allegro.cc/manual/5/al_get_font_line_height.html]
[www.allegro.cc/manual/5/al_get_font_ascent.html]
[www.allegro.cc/manual/5/al_get_font_descent.html]
[www.allegro.cc/manual/5/al_get_text_width.html]
[www.allegro.cc/manual/5/al_get_ustr_width.html]
[www.allegro.cc/manual/5/al_draw_text.html]
[www.allegro.cc/manual/5/al_draw_ustr.html]
[www.allegro.cc/manual/5/al_draw_justified_text.html]
[www.allegro.cc/manual/5/al_draw_justified_ustr.html]
[www.allegro.cc/manual/5/al_draw_textf.html]
[www.allegro.cc/manual/5/al_draw_justified_textf.html]
[www.allegro.cc/manual/5/al_get_text_dimensions.html]
[www.allegro.cc/manual/5/al_get_ustr_dimensions.html]
[www.allegro.cc/manual/5/al_get_allegro_font_version.html]
[www.allegro.cc/manual/5/al_grab_font_from_bitmap.html]
[www.allegro.cc/manual/5/al_load_bitmap_font.html]
[www.allegro.cc/manual/5/al_init_ttf_addon.html]
[www.allegro.cc/manual/5/al_shutdown_ttf_addon.html]
[www.allegro.cc/manual/5/al_load_ttf_font.html]
[www.allegro.cc/manual/5/al_load_ttf_font_f.html]
[www.allegro.cc/manual/5/font.html]
[www.allegro.cc/manual/5/al_get_allegro_ttf_version.html]
[www.allegro.cc/manual/5/al_init_image_addon.html]
[www.allegro.cc/manual/5/al_shutdown_image_addon.html]
[www.allegro.cc/manual/5/image.html]
[www.allegro.cc/manual/5/al_get_allegro_image_version.html]
[www.allegro.cc/manual/5/al_open_memfile.html]
[www.allegro.cc/manual/5/memfile.html]
[www.allegro.cc/manual/5/al_get_allegro_memfile_version.html]
[www.allegro.cc/manual/5/ALLEGRO_FILECHOOSER.html]
[www.allegro.cc/manual/5/ALLEGRO_TEXTLOG.html]
[www.allegro.cc/manual/5/al_create_native_file_dialog.html]
[www.allegro.cc/manual/5/al_show_native_file_dialog.html]
[www.allegro.cc/manual/5/al_get_native_file_dialog_count.html]
[www.allegro.cc/manual/5/al_get_native_file_dialog_path.html]
[www.allegro.cc/manual/5/al_destroy_native_file_dialog.html]
[www.allegro.cc/manual/5/al_show_native_message_box.html]
[www.allegro.cc/manual/5/al_open_native_text_log.html]
[www.allegro.cc/manual/5/al_close_native_text_log.html]
[www.allegro.cc/manual/5/al_append_native_text_log.html]
[www.allegro.cc/manual/5/al_get_native_text_log_event_source.html]
[www.allegro.cc/manual/5/native_dialog.html]
[www.allegro.cc/manual/5/al_get_allegro_native_dialog_version.html]
[www.allegro.cc/manual/5/al_set_physfs_file_interface.html]
[www.allegro.cc/manual/5/physfs.html]
[www.allegro.cc/manual/5/al_get_allegro_physfs_version.html]
[www.allegro.cc/manual/5/al_get_allegro_primitives_version.html]
[www.allegro.cc/manual/5/al_init_primitives_addon.html]
[www.allegro.cc/manual/5/al_shutdown_primitives_addon.html]
[www.allegro.cc/manual/5/images/primitives1.png]
[www.allegro.cc/manual/5/images/primitives2.png]
[www.allegro.cc/manual/5/al_draw_line.html]
[www.allegro.cc/manual/5/al_draw_triangle.html]
[www.allegro.cc/manual/5/al_draw_filled_triangle.html]
[www.allegro.cc/manual/5/al_draw_rectangle.html]
[www.allegro.cc/manual/5/al_draw_filled_rectangle.html]
[www.allegro.cc/manual/5/al_draw_rounded_rectangle.html]
[www.allegro.cc/manual/5/al_draw_filled_rounded_rectangle.html]
[www.allegro.cc/manual/5/al_calculate_arc.html]
[www.allegro.cc/manual/5/al_draw_ellipse.html]
[www.allegro.cc/manual/5/al_draw_filled_ellipse.html]
[www.allegro.cc/manual/5/al_draw_circle.html]
[www.allegro.cc/manual/5/al_draw_filled_circle.html]
[www.allegro.cc/manual/5/al_draw_arc.html]
[www.allegro.cc/manual/5/al_calculate_spline.html]
[www.allegro.cc/manual/5/al_draw_spline.html]
[www.allegro.cc/manual/5/al_calculate_ribbon.html]
[www.allegro.cc/manual/5/al_draw_ribbon.html]
[www.allegro.cc/manual/5/al_draw_prim.html]
[www.allegro.cc/manual/5/al_draw_indexed_prim.html]
[www.allegro.cc/manual/5/al_create_vertex_decl.html]
[www.allegro.cc/manual/5/al_destroy_vertex_decl.html]
[www.allegro.cc/manual/5/al_draw_soft_triangle.html]
[www.allegro.cc/manual/5/al_draw_soft_line.html]
[www.allegro.cc/manual/5/ALLEGRO_VERTEX.html]
[www.allegro.cc/manual/5/ALLEGRO_VERTEX_DECL.html]
[www.allegro.cc/manual/5/ALLEGRO_VERTEX_ELEMENT.html]
[www.allegro.cc/manual/5/ALLEGRO_PRIM_TYPE.html]
[www.allegro.cc/manual/5/ALLEGRO_PRIM_ATTR.html]
[www.allegro.cc/manual/5/ALLEGRO_PRIM_STORAGE.html]
[www.allegro.cc/manual/5/ALLEGRO_VERTEX_CACHE_SIZE.html]
[www.allegro.cc/manual/5/primitives.html]
[www.allegro.cc/manual/5/ALLEGRO_PRIM_QUALITY.html]
[www.allegro.cc/manual/5/allegro_display-2.html]
[www.allegro.cc/manual/5/allegro_color-2.html]
[www.allegro.cc/manual/5/allegro_bitmap-2.html]
[www.allegro.cc/manual/5/allegro_event-2.html]
[www.allegro.cc/manual/5/allegro_voice-2.html]
[www.allegro.cc/manual/5/allegro_mixer-2.html]
[www.allegro.cc/manual/5/allegro_audio_stream-2.html]
[www.allegro.cc/manual/5/allegro_sample_instance-2.html]
[www.allegro.cc/manual/5/allegro_sample-2.html]
[www.allegro.cc/manual/5/getting_started.html]
[www.allegro.cc/manual/5/ALLEGRO_CONFIG.html]
[www.allegro.cc/manual/5/al_create_config.html]
[www.allegro.cc/manual/5/al_destroy_config.html]
[www.allegro.cc/manual/5/al_load_config_file.html]
[www.allegro.cc/manual/5/al_load_config_file_f.html]
[www.allegro.cc/manual/5/al_save_config_file.html]
[www.allegro.cc/manual/5/al_save_config_file_f.html]
[www.allegro.cc/manual/5/al_add_config_section.html]
[www.allegro.cc/manual/5/al_add_config_comment.html]
[www.allegro.cc/manual/5/al_get_config_value.html]
[www.allegro.cc/manual/5/al_set_config_value.html]
[www.allegro.cc/manual/5/al_get_first_config_section.html]
[www.allegro.cc/manual/5/al_get_next_config_section.html]
[www.allegro.cc/manual/5/al_get_first_config_entry.html]
[www.allegro.cc/manual/5/al_get_next_config_entry.html]
[www.allegro.cc/manual/5/al_merge_config.html]
[www.allegro.cc/manual/5/al_merge_config_into.html]
[www.allegro.cc/manual/5/ALLEGRO_DISPLAY.html]
[www.allegro.cc/manual/5/al_create_display.html]
[www.allegro.cc/manual/5/al_destroy_display.html]
[www.allegro.cc/manual/5/al_get_new_display_flags.html]
[www.allegro.cc/manual/5/al_get_new_display_refresh_rate.html]
[www.allegro.cc/manual/5/al_get_new_window_position.html]
[www.allegro.cc/manual/5/al_set_new_display_option.html]
[www.allegro.cc/manual/5/al_get_new_display_option.html]
[www.allegro.cc/manual/5/al_reset_new_display_options.html]
[www.allegro.cc/manual/5/al_set_new_display_flags.html]
[www.allegro.cc/manual/5/al_set_new_display_refresh_rate.html]
[www.allegro.cc/manual/5/al_set_new_window_position.html]
[www.allegro.cc/manual/5/al_acknowledge_resize.html]
[www.allegro.cc/manual/5/al_flip_display.html]
[www.allegro.cc/manual/5/al_get_backbuffer.html]
[www.allegro.cc/manual/5/al_get_display_flags.html]
[www.allegro.cc/manual/5/al_get_display_format.html]
[www.allegro.cc/manual/5/al_get_display_height.html]
[www.allegro.cc/manual/5/al_get_display_refresh_rate.html]
[www.allegro.cc/manual/5/al_get_display_width.html]
[www.allegro.cc/manual/5/al_get_window_position.html]
[www.allegro.cc/manual/5/al_inhibit_screensaver.html]
[www.allegro.cc/manual/5/al_resize_display.html]
[www.allegro.cc/manual/5/al_set_display_icon.html]
[www.allegro.cc/manual/5/al_get_display_option.html]
[www.allegro.cc/manual/5/al_set_window_position.html]
[www.allegro.cc/manual/5/al_set_window_title.html]
[www.allegro.cc/manual/5/al_toggle_display_flag.html]
[www.allegro.cc/manual/5/al_update_display_region.html]
[www.allegro.cc/manual/5/al_wait_for_vsync.html]
[www.allegro.cc/manual/5/al_get_display_event_source.html]
[www.allegro.cc/manual/5/ALLEGRO_DISPLAY_MODE.html]
[www.allegro.cc/manual/5/al_get_display_mode.html]
[www.allegro.cc/manual/5/al_get_num_display_modes.html]
[www.allegro.cc/manual/5/ALLEGRO_MONITOR_INFO.html]
[www.allegro.cc/manual/5/al_get_new_display_adapter.html]
[www.allegro.cc/manual/5/al_set_new_display_adapter.html]
[www.allegro.cc/manual/5/al_get_monitor_info.html]
[www.allegro.cc/manual/5/al_get_num_video_adapters.html]
[www.allegro.cc/manual/5/ALLEGRO_EVENT.html]
[www.allegro.cc/manual/5/ALLEGRO_USER_EVENT.html]
[www.allegro.cc/manual/5/ALLEGRO_EVENT_QUEUE.html]
[www.allegro.cc/manual/5/ALLEGRO_EVENT_SOURCE.html]
[www.allegro.cc/manual/5/ALLEGRO_EVENT_TYPE.html]
[www.allegro.cc/manual/5/ALLEGRO_GET_EVENT_TYPE.html]
[www.allegro.cc/manual/5/ALLEGRO_EVENT_TYPE_IS_USER.html]
[www.allegro.cc/manual/5/al_create_event_queue.html]
[www.allegro.cc/manual/5/al_init_user_event_source.html]
[www.allegro.cc/manual/5/al_destroy_event_queue.html]
[www.allegro.cc/manual/5/al_destroy_user_event_source.html]
[www.allegro.cc/manual/5/al_drop_next_event.html]
[www.allegro.cc/manual/5/al_emit_user_event.html]
[www.allegro.cc/manual/5/al_is_event_queue_empty.html]
[www.allegro.cc/manual/5/al_flush_event_queue.html]
[www.allegro.cc/manual/5/al_get_event_source_data.html]
[www.allegro.cc/manual/5/al_get_next_event.html]
[www.allegro.cc/manual/5/al_peek_next_event.html]
[www.allegro.cc/manual/5/al_register_event_source.html]
[www.allegro.cc/manual/5/al_set_event_source_data.html]
[www.allegro.cc/manual/5/al_unref_user_event.html]
[www.allegro.cc/manual/5/al_unregister_event_source.html]
[www.allegro.cc/manual/5/al_wait_for_event.html]
[www.allegro.cc/manual/5/al_wait_for_event_timed.html]
[www.allegro.cc/manual/5/al_wait_for_event_until.html]
[www.allegro.cc/manual/5/ALLEGRO_FILE.html]
[www.allegro.cc/manual/5/ALLEGRO_FILE_INTERFACE.html]
[www.allegro.cc/manual/5/ALLEGRO_SEEK.html]
[www.allegro.cc/manual/5/al_fopen.html]
[www.allegro.cc/manual/5/al_fopen_interface.html]
[www.allegro.cc/manual/5/al_fclose.html]
[www.allegro.cc/manual/5/al_fread.html]
[www.allegro.cc/manual/5/al_fwrite.html]
[www.allegro.cc/manual/5/al_fflush.html]
[www.allegro.cc/manual/5/al_ftell.html]
[www.allegro.cc/manual/5/al_fseek.html]
[www.allegro.cc/manual/5/al_feof.html]
[www.allegro.cc/manual/5/al_ferror.html]
[www.allegro.cc/manual/5/al_fclearerr.html]
[www.allegro.cc/manual/5/al_fungetc.html]
[www.allegro.cc/manual/5/al_fsize.html]
[www.allegro.cc/manual/5/al_fgetc.html]
[www.allegro.cc/manual/5/al_fputc.html]
[www.allegro.cc/manual/5/al_fread16le.html]
[www.allegro.cc/manual/5/al_fread16be.html]
[www.allegro.cc/manual/5/al_fwrite16le.html]
[www.allegro.cc/manual/5/al_fwrite16be.html]
[www.allegro.cc/manual/5/al_fread32le.html]
[www.allegro.cc/manual/5/al_fread32be.html]
[www.allegro.cc/manual/5/al_fwrite32le.html]
[www.allegro.cc/manual/5/al_fwrite32be.html]
[www.allegro.cc/manual/5/al_fgets.html]
[www.allegro.cc/manual/5/al_fget_ustr.html]
[www.allegro.cc/manual/5/al_fputs.html]
[www.allegro.cc/manual/5/al_fopen_fd.html]
[www.allegro.cc/manual/5/al_make_temp_file.html]
[www.allegro.cc/manual/5/allegro_file-2.html]
[www.allegro.cc/manual/5/al_set_new_file_interface.html]
[www.allegro.cc/manual/5/al_set_standard_file_interface.html]
[www.allegro.cc/manual/5/al_get_new_file_interface.html]
[www.allegro.cc/manual/5/al_create_file_handle.html]
[www.allegro.cc/manual/5/al_get_file_userdata.html]
[www.allegro.cc/manual/5/ALLEGRO_FS_ENTRY.html]
[www.allegro.cc/manual/5/ALLEGRO_FILE_MODE.html]
[www.allegro.cc/manual/5/al_create_fs_entry.html]
[www.allegro.cc/manual/5/al_destroy_fs_entry.html]
[www.allegro.cc/manual/5/al_get_fs_entry_name.html]
[www.allegro.cc/manual/5/al_update_fs_entry.html]
[www.allegro.cc/manual/5/al_get_fs_entry_mode.html]
[www.allegro.cc/manual/5/al_get_fs_entry_atime.html]
[www.allegro.cc/manual/5/al_get_fs_entry_ctime.html]
[www.allegro.cc/manual/5/al_get_fs_entry_mtime.html]
[www.allegro.cc/manual/5/al_get_fs_entry_size.html]
[www.allegro.cc/manual/5/al_fs_entry_exists.html]
[www.allegro.cc/manual/5/al_remove_fs_entry.html]
[www.allegro.cc/manual/5/al_filename_exists.html]
[www.allegro.cc/manual/5/al_remove_filename.html]
[www.allegro.cc/manual/5/al_open_directory.html]
[www.allegro.cc/manual/5/al_read_directory.html]
[www.allegro.cc/manual/5/al_close_directory.html]
[www.allegro.cc/manual/5/al_get_current_directory.html]
[www.allegro.cc/manual/5/al_change_directory.html]
[www.allegro.cc/manual/5/al_make_directory.html]
[www.allegro.cc/manual/5/al_open_fs_entry.html]
[www.allegro.cc/manual/5/ALLEGRO_FS_INTERFACE.html]
[www.allegro.cc/manual/5/al_set_fs_interface.html]
[www.allegro.cc/manual/5/al_set_standard_fs_interface.html]
[www.allegro.cc/manual/5/al_get_fs_interface.html]
[www.allegro.cc/manual/5/al_fixed.html]
[www.allegro.cc/manual/5/al_itofix.html]
[www.allegro.cc/manual/5/al_fixtoi.html]
[www.allegro.cc/manual/5/al_fixfloor.html]
[www.allegro.cc/manual/5/al_fixceil.html]
[www.allegro.cc/manual/5/al_ftofix.html]
[www.allegro.cc/manual/5/al_fixtof.html]
[www.allegro.cc/manual/5/al_fixmul.html]
[www.allegro.cc/manual/5/al_fixdiv.html]
[www.allegro.cc/manual/5/al_fixadd.html]
[www.allegro.cc/manual/5/al_fixsub.html]
[www.allegro.cc/manual/5/al_fixtorad_r.html]
[www.allegro.cc/manual/5/al_radtofix_r.html]
[www.allegro.cc/manual/5/al_fixsin.html]
[www.allegro.cc/manual/5/al_fixcos.html]
[www.allegro.cc/manual/5/al_fixtan.html]
[www.allegro.cc/manual/5/al_fixasin.html]
[www.allegro.cc/manual/5/al_fixacos.html]
[www.allegro.cc/manual/5/al_fixatan.html]
[www.allegro.cc/manual/5/al_fixatan2.html]
[www.allegro.cc/manual/5/al_fixsqrt.html]
[www.allegro.cc/manual/5/al_fixhypot.html]
[www.allegro.cc/manual/5/ALLEGRO_COLOR.html]
[www.allegro.cc/manual/5/al_map_rgb.html]
[www.allegro.cc/manual/5/al_map_rgb_f.html]
[www.allegro.cc/manual/5/al_map_rgba.html]
[www.allegro.cc/manual/5/al_map_rgba_f.html]
[www.allegro.cc/manual/5/al_unmap_rgb.html]
[www.allegro.cc/manual/5/al_unmap_rgb_f.html]
[www.allegro.cc/manual/5/al_unmap_rgba.html]
[www.allegro.cc/manual/5/al_unmap_rgba_f.html]
[www.allegro.cc/manual/5/ALLEGRO_LOCKED_REGION.html]
[www.allegro.cc/manual/5/ALLEGRO_PIXEL_FORMAT.html]
[www.allegro.cc/manual/5/al_get_pixel_size.html]
[www.allegro.cc/manual/5/al_get_pixel_format_bits.html]
[www.allegro.cc/manual/5/al_lock_bitmap.html]
[www.allegro.cc/manual/5/al_lock_bitmap_region.html]
[www.allegro.cc/manual/5/al_unlock_bitmap.html]
[www.allegro.cc/manual/5/ALLEGRO_BITMAP.html]
[www.allegro.cc/manual/5/al_create_bitmap.html]
[www.allegro.cc/manual/5/al_create_sub_bitmap.html]
[www.allegro.cc/manual/5/al_clone_bitmap.html]
[www.allegro.cc/manual/5/al_destroy_bitmap.html]
[www.allegro.cc/manual/5/al_get_new_bitmap_flags.html]
[www.allegro.cc/manual/5/al_get_new_bitmap_format.html]
[www.allegro.cc/manual/5/al_set_new_bitmap_flags.html]
[www.allegro.cc/manual/5/al_add_new_bitmap_flag.html]
[www.allegro.cc/manual/5/al_set_new_bitmap_format.html]
[www.allegro.cc/manual/5/al_get_bitmap_flags.html]
[www.allegro.cc/manual/5/al_get_bitmap_format.html]
[www.allegro.cc/manual/5/al_get_bitmap_height.html]
[www.allegro.cc/manual/5/al_get_bitmap_width.html]
[www.allegro.cc/manual/5/al_get_pixel.html]
[www.allegro.cc/manual/5/al_is_bitmap_locked.html]
[www.allegro.cc/manual/5/al_is_compatible_bitmap.html]
[www.allegro.cc/manual/5/al_is_sub_bitmap.html]
[www.allegro.cc/manual/5/al_clear_to_color.html]
[www.allegro.cc/manual/5/al_draw_bitmap.html]
[www.allegro.cc/manual/5/al_draw_tinted_bitmap.html]
[www.allegro.cc/manual/5/al_draw_bitmap_region.html]
[www.allegro.cc/manual/5/al_draw_tinted_bitmap_region.html]
[www.allegro.cc/manual/5/al_draw_pixel.html]
[www.allegro.cc/manual/5/al_draw_rotated_bitmap.html]
[www.allegro.cc/manual/5/al_draw_tinted_rotated_bitmap.html]
[www.allegro.cc/manual/5/al_draw_scaled_rotated_bitmap.html]
[www.allegro.cc/manual/5/al_draw_tinted_scaled_rotated_bitmap.html]
[www.allegro.cc/manual/5/al_draw_scaled_bitmap.html]
[www.allegro.cc/manual/5/al_draw_tinted_scaled_bitmap.html]
[www.allegro.cc/manual/5/al_get_target_bitmap.html]
[www.allegro.cc/manual/5/al_put_pixel.html]
[www.allegro.cc/manual/5/al_put_blended_pixel.html]
[www.allegro.cc/manual/5/al_set_target_bitmap.html]
[www.allegro.cc/manual/5/al_set_target_backbuffer.html]
[www.allegro.cc/manual/5/al_get_current_display.html]
[www.allegro.cc/manual/5/al_get_blender.html]
[www.allegro.cc/manual/5/al_get_separate_blender.html]
[www.allegro.cc/manual/5/al_set_blender.html]
[www.allegro.cc/manual/5/al_set_separate_blender.html]
[www.allegro.cc/manual/5/al_get_clipping_rectangle.html]
[www.allegro.cc/manual/5/al_set_clipping_rectangle.html]
[www.allegro.cc/manual/5/al_convert_mask_to_alpha.html]
[www.allegro.cc/manual/5/al_hold_bitmap_drawing.html]
[www.allegro.cc/manual/5/al_is_bitmap_drawing_held.html]
[www.allegro.cc/manual/5/al_register_bitmap_loader.html]
[www.allegro.cc/manual/5/al_register_bitmap_saver.html]
[www.allegro.cc/manual/5/al_register_bitmap_loader_f.html]
[www.allegro.cc/manual/5/al_register_bitmap_saver_f.html]
[www.allegro.cc/manual/5/al_load_bitmap.html]
[www.allegro.cc/manual/5/al_load_bitmap_f.html]
[www.allegro.cc/manual/5/al_save_bitmap.html]
[www.allegro.cc/manual/5/al_save_bitmap_f.html]
[www.allegro.cc/manual/5/ALLEGRO_JOYSTICK.html]
[www.allegro.cc/manual/5/ALLEGRO_JOYSTICK_STATE.html]
[www.allegro.cc/manual/5/ALLEGRO_JOYFLAGS.html]
[www.allegro.cc/manual/5/al_install_joystick.html]
[www.allegro.cc/manual/5/al_uninstall_joystick.html]
[www.allegro.cc/manual/5/al_is_joystick_installed.html]
[www.allegro.cc/manual/5/al_reconfigure_joysticks.html]
[www.allegro.cc/manual/5/al_get_num_joysticks.html]
[www.allegro.cc/manual/5/al_get_joystick.html]
[www.allegro.cc/manual/5/al_release_joystick.html]
[www.allegro.cc/manual/5/al_get_joystick_active.html]
[www.allegro.cc/manual/5/al_get_joystick_name.html]
[www.allegro.cc/manual/5/al_get_joystick_stick_name.html]
[www.allegro.cc/manual/5/al_get_joystick_axis_name.html]
[www.allegro.cc/manual/5/al_get_joystick_button_name.html]
[www.allegro.cc/manual/5/al_get_joystick_stick_flags.html]
[www.allegro.cc/manual/5/al_get_joystick_num_sticks.html]
[www.allegro.cc/manual/5/al_get_joystick_num_axes.html]
[www.allegro.cc/manual/5/al_get_joystick_num_buttons.html]
[www.allegro.cc/manual/5/al_get_joystick_state.html]
[www.allegro.cc/manual/5/al_get_joystick_event_source.html]
[www.allegro.cc/manual/5/ALLEGRO_KEYBOARD_STATE.html]
[www.allegro.cc/manual/5/al_key_down.html]
[www.allegro.cc/manual/5/al_install_keyboard.html]
[www.allegro.cc/manual/5/al_is_keyboard_installed.html]
[www.allegro.cc/manual/5/al_uninstall_keyboard.html]
[www.allegro.cc/manual/5/al_get_keyboard_state.html]
[www.allegro.cc/manual/5/al_keycode_to_name.html]
[www.allegro.cc/manual/5/al_set_keyboard_leds.html]
[www.allegro.cc/manual/5/al_get_keyboard_event_source.html]
[www.allegro.cc/manual/5/al_malloc.html]
[www.allegro.cc/manual/5/al_free.html]
[www.allegro.cc/manual/5/al_realloc.html]
[www.allegro.cc/manual/5/al_calloc.html]
[www.allegro.cc/manual/5/al_malloc_with_context.html]
[www.allegro.cc/manual/5/al_free_with_context.html]
[www.allegro.cc/manual/5/al_realloc_with_context.html]
[www.allegro.cc/manual/5/al_calloc_with_context.html]
[www.allegro.cc/manual/5/ALLEGRO_MEMORY_INTERFACE.html]
[www.allegro.cc/manual/5/al_set_memory_interface.html]
[www.allegro.cc/manual/5/ALLEGRO_MOUSE_STATE.html]
[www.allegro.cc/manual/5/al_install_mouse.html]
[www.allegro.cc/manual/5/al_is_mouse_installed.html]
[www.allegro.cc/manual/5/al_uninstall_mouse.html]
[www.allegro.cc/manual/5/al_get_mouse_num_axes.html]
[www.allegro.cc/manual/5/al_get_mouse_num_buttons.html]
[www.allegro.cc/manual/5/al_get_mouse_state.html]
[www.allegro.cc/manual/5/al_get_mouse_state_axis.html]
[www.allegro.cc/manual/5/al_mouse_button_down.html]
[www.allegro.cc/manual/5/al_set_mouse_xy.html]
[www.allegro.cc/manual/5/al_set_mouse_z.html]
[www.allegro.cc/manual/5/al_set_mouse_w.html]
[www.allegro.cc/manual/5/al_set_mouse_axis.html]
[www.allegro.cc/manual/5/al_get_mouse_event_source.html]
[www.allegro.cc/manual/5/al_create_mouse_cursor.html]
[www.allegro.cc/manual/5/al_destroy_mouse_cursor.html]
[www.allegro.cc/manual/5/al_set_mouse_cursor.html]
[www.allegro.cc/manual/5/al_set_system_mouse_cursor.html]
[www.allegro.cc/manual/5/al_get_mouse_cursor_position.html]
[www.allegro.cc/manual/5/al_hide_mouse_cursor.html]
[www.allegro.cc/manual/5/al_show_mouse_cursor.html]
[www.allegro.cc/manual/5/al_grab_mouse.html]
[www.allegro.cc/manual/5/al_ungrab_mouse.html]
[www.allegro.cc/manual/5/al_create_path.html]
[www.allegro.cc/manual/5/al_create_path_for_directory.html]
[www.allegro.cc/manual/5/al_destroy_path.html]
[www.allegro.cc/manual/5/al_clone_path.html]
[www.allegro.cc/manual/5/al_join_paths.html]
[www.allegro.cc/manual/5/al_rebase_path.html]
[www.allegro.cc/manual/5/al_get_path_drive.html]
[www.allegro.cc/manual/5/al_get_path_num_components.html]
[www.allegro.cc/manual/5/al_get_path_component.html]
[www.allegro.cc/manual/5/al_get_path_tail.html]
[www.allegro.cc/manual/5/al_get_path_filename.html]
[www.allegro.cc/manual/5/al_get_path_basename.html]
[www.allegro.cc/manual/5/al_get_path_extension.html]
[www.allegro.cc/manual/5/al_set_path_drive.html]
[www.allegro.cc/manual/5/al_append_path_component.html]
[www.allegro.cc/manual/5/al_insert_path_component.html]
[www.allegro.cc/manual/5/al_replace_path_component.html]
[www.allegro.cc/manual/5/al_remove_path_component.html]
[www.allegro.cc/manual/5/al_drop_path_tail.html]
[www.allegro.cc/manual/5/al_set_path_filename.html]
[www.allegro.cc/manual/5/al_set_path_extension.html]
[www.allegro.cc/manual/5/al_path_cstr.html]
[www.allegro.cc/manual/5/al_make_path_canonical.html]
[www.allegro.cc/manual/5/ALLEGRO_STATE.html]
[www.allegro.cc/manual/5/ALLEGRO_STATE_FLAGS.html]
[www.allegro.cc/manual/5/al_restore_state.html]
[www.allegro.cc/manual/5/al_store_state.html]
[www.allegro.cc/manual/5/al_get_errno.html]
[www.allegro.cc/manual/5/al_set_errno.html]
[www.allegro.cc/manual/5/al_install_system.html]
[www.allegro.cc/manual/5/al_init.html]
[www.allegro.cc/manual/5/al_uninstall_system.html]
[www.allegro.cc/manual/5/al_is_system_installed.html]
[www.allegro.cc/manual/5/al_get_allegro_version.html]
[www.allegro.cc/manual/5/al_get_standard_path.html]
[www.allegro.cc/manual/5/al_set_app_name.html]
[www.allegro.cc/manual/5/al_set_org_name.html]
[www.allegro.cc/manual/5/al_get_app_name.html]
[www.allegro.cc/manual/5/al_get_org_name.html]
[www.allegro.cc/manual/5/al_get_system_config.html]
[www.allegro.cc/manual/5/ALLEGRO_THREAD.html]
[www.allegro.cc/manual/5/ALLEGRO_MUTEX.html]
[www.allegro.cc/manual/5/ALLEGRO_COND.html]
[www.allegro.cc/manual/5/al_create_thread.html]
[www.allegro.cc/manual/5/al_start_thread.html]
[www.allegro.cc/manual/5/al_join_thread.html]
[www.allegro.cc/manual/5/al_set_thread_should_stop.html]
[www.allegro.cc/manual/5/al_get_thread_should_stop.html]
[www.allegro.cc/manual/5/al_destroy_thread.html]
[www.allegro.cc/manual/5/al_run_detached_thread.html]
[www.allegro.cc/manual/5/al_create_mutex.html]
[www.allegro.cc/manual/5/al_create_mutex_recursive.html]
[www.allegro.cc/manual/5/al_lock_mutex.html]
[www.allegro.cc/manual/5/al_unlock_mutex.html]
[www.allegro.cc/manual/5/al_destroy_mutex.html]
[www.allegro.cc/manual/5/al_create_cond.html]
[www.allegro.cc/manual/5/al_destroy_cond.html]
[www.allegro.cc/manual/5/al_wait_cond.html]
[www.allegro.cc/manual/5/al_wait_cond_until.html]
[www.allegro.cc/manual/5/al_broadcast_cond.html]
[www.allegro.cc/manual/5/al_signal_cond.html]
[www.allegro.cc/manual/5/ALLEGRO_TIMEOUT.html]
[www.allegro.cc/manual/5/al_get_time.html]
[www.allegro.cc/manual/5/al_init_timeout.html]
[www.allegro.cc/manual/5/al_rest.html]
[www.allegro.cc/manual/5/ALLEGRO_TIMER.html]
[www.allegro.cc/manual/5/ALLEGRO_USECS_TO_SECS.html]
[www.allegro.cc/manual/5/ALLEGRO_MSECS_TO_SECS.html]
[www.allegro.cc/manual/5/ALLEGRO_BPS_TO_SECS.html]
[www.allegro.cc/manual/5/ALLEGRO_BPM_TO_SECS.html]
[www.allegro.cc/manual/5/al_create_timer.html]
[www.allegro.cc/manual/5/al_start_timer.html]
[www.allegro.cc/manual/5/al_stop_timer.html]
[www.allegro.cc/manual/5/al_get_timer_started.html]
[www.allegro.cc/manual/5/al_destroy_timer.html]
[www.allegro.cc/manual/5/al_get_timer_count.html]
[www.allegro.cc/manual/5/al_set_timer_count.html]
[www.allegro.cc/manual/5/al_add_timer_count.html]
[www.allegro.cc/manual/5/al_get_timer_speed.html]
[www.allegro.cc/manual/5/al_set_timer_speed.html]
[www.allegro.cc/manual/5/al_get_timer_event_source.html]
[www.allegro.cc/manual/5/al_rotate_transform.html]
[www.allegro.cc/manual/5/al_translate_transform.html]
[www.allegro.cc/manual/5/ALLEGRO_TRANSFORM.html]
[www.allegro.cc/manual/5/al_copy_transform.html]
[www.allegro.cc/manual/5/al_use_transform.html]
[www.allegro.cc/manual/5/al_get_current_transform.html]
[www.allegro.cc/manual/5/al_invert_transform.html]
[www.allegro.cc/manual/5/al_check_inverse.html]
[www.allegro.cc/manual/5/al_identity_transform.html]
[www.allegro.cc/manual/5/al_build_transform.html]
[www.allegro.cc/manual/5/al_scale_transform.html]
[www.allegro.cc/manual/5/al_transform_coordinates.html]
[www.allegro.cc/manual/5/al_compose_transform.html]
[www.allegro.cc/manual/5/al_ustr_offset.html]
[www.allegro.cc/manual/5/ALLEGRO_USTR.html]
[www.allegro.cc/manual/5/ALLEGRO_USTR_INFO.html]
[www.allegro.cc/manual/5/al_ustr_new.html]
[www.allegro.cc/manual/5/al_ustr_new_from_buffer.html]
[www.allegro.cc/manual/5/al_ustr_newf.html]
[www.allegro.cc/manual/5/al_ustr_free.html]
[www.allegro.cc/manual/5/al_cstr.html]
[www.allegro.cc/manual/5/al_ustr_to_buffer.html]
[www.allegro.cc/manual/5/al_cstr_dup.html]
[www.allegro.cc/manual/5/al_ustr_dup.html]
[www.allegro.cc/manual/5/al_ustr_dup_substr.html]
[www.allegro.cc/manual/5/al_ustr_empty_string.html]
[www.allegro.cc/manual/5/al_ref_cstr.html]
[www.allegro.cc/manual/5/al_ref_buffer.html]
[www.allegro.cc/manual/5/al_ref_ustr.html]
[www.allegro.cc/manual/5/al_ustr_size.html]
[www.allegro.cc/manual/5/al_ustr_length.html]
[www.allegro.cc/manual/5/al_ustr_next.html]
[www.allegro.cc/manual/5/al_ustr_prev.html]
[www.allegro.cc/manual/5/al_ustr_get.html]
[www.allegro.cc/manual/5/al_ustr_get_next.html]
[www.allegro.cc/manual/5/al_ustr_prev_get.html]
[www.allegro.cc/manual/5/al_ustr_insert.html]
[www.allegro.cc/manual/5/al_ustr_insert_cstr.html]
[www.allegro.cc/manual/5/al_ustr_insert_chr.html]
[www.allegro.cc/manual/5/al_ustr_append.html]
[www.allegro.cc/manual/5/al_ustr_append_cstr.html]
[www.allegro.cc/manual/5/al_ustr_append_chr.html]
[www.allegro.cc/manual/5/al_ustr_appendf.html]
[www.allegro.cc/manual/5/al_ustr_vappendf.html]
[www.allegro.cc/manual/5/al_ustr_remove_chr.html]
[www.allegro.cc/manual/5/al_ustr_remove_range.html]
[www.allegro.cc/manual/5/al_ustr_truncate.html]
[www.allegro.cc/manual/5/al_ustr_ltrim_ws.html]
[www.allegro.cc/manual/5/al_ustr_rtrim_ws.html]
[www.allegro.cc/manual/5/al_ustr_trim_ws.html]
[www.allegro.cc/manual/5/al_ustr_assign.html]
[www.allegro.cc/manual/5/al_ustr_assign_substr.html]
[www.allegro.cc/manual/5/al_ustr_assign_cstr.html]
[www.allegro.cc/manual/5/al_ustr_set_chr.html]
[www.allegro.cc/manual/5/al_ustr_replace_range.html]
[www.allegro.cc/manual/5/al_ustr_find_chr.html]
[www.allegro.cc/manual/5/al_ustr_rfind_chr.html]
[www.allegro.cc/manual/5/al_ustr_find_set.html]
[www.allegro.cc/manual/5/al_ustr_find_set_cstr.html]
[www.allegro.cc/manual/5/al_ustr_find_cset.html]
[www.allegro.cc/manual/5/al_ustr_find_cset_cstr.html]
[www.allegro.cc/manual/5/al_ustr_find_str.html]
[www.allegro.cc/manual/5/al_ustr_find_cstr.html]
[www.allegro.cc/manual/5/al_ustr_rfind_str.html]
[www.allegro.cc/manual/5/al_ustr_rfind_cstr.html]
[www.allegro.cc/manual/5/al_ustr_find_replace.html]
[www.allegro.cc/manual/5/al_ustr_find_replace_cstr.html]
[www.allegro.cc/manual/5/al_ustr_equal.html]
[www.allegro.cc/manual/5/al_ustr_compare.html]
[www.allegro.cc/manual/5/al_ustr_ncompare.html]
[www.allegro.cc/manual/5/al_ustr_has_prefix.html]
[www.allegro.cc/manual/5/al_ustr_has_prefix_cstr.html]
[www.allegro.cc/manual/5/al_ustr_has_suffix.html]
[www.allegro.cc/manual/5/al_ustr_has_suffix_cstr.html]
[www.allegro.cc/manual/5/al_ustr_new_from_utf16.html]
[www.allegro.cc/manual/5/al_ustr_size_utf16.html]
[www.allegro.cc/manual/5/al_ustr_encode_utf16.html]
[www.allegro.cc/manual/5/al_utf8_width.html]
[www.allegro.cc/manual/5/al_utf8_encode.html]
[www.allegro.cc/manual/5/al_utf16_width.html]
[www.allegro.cc/manual/5/al_utf16_encode.html]
[www.allegro.cc/manual/5/ALLEGRO_PI.html]
[www.allegro.cc/manual/5/al_run_main.html]
[www.allegro.cc/manual/5/al_get_win_window_handle.html]
[www.allegro.cc/manual/5/al_iphone_program_has_halted.html]
[www.allegro.cc/manual/5/al_iphone_override_screen_scale.html]
[www.allegro.cc/manual/5/al_get_d3d_device.html]
[www.allegro.cc/manual/5/al_get_d3d_system_texture.html]
[www.allegro.cc/manual/5/al_get_d3d_video_texture.html]
[www.allegro.cc/manual/5/al_have_d3d_non_pow2_texture_support.html]
[www.allegro.cc/manual/5/al_have_d3d_non_square_texture_support.html]
[www.allegro.cc/manual/5/al_get_d3d_texture_position.html]
[www.allegro.cc/manual/5/al_is_d3d_device_lost.html]
[www.allegro.cc/manual/5/al_get_opengl_extension_list.html]
[www.allegro.cc/manual/5/al_get_opengl_proc_address.html]
[www.allegro.cc/manual/5/al_get_opengl_texture.html]
[www.allegro.cc/manual/5/al_get_opengl_texture_size.html]
[www.allegro.cc/manual/5/al_get_opengl_texture_position.html]
[www.allegro.cc/manual/5/al_get_opengl_fbo.html]
[www.allegro.cc/manual/5/al_remove_opengl_fbo.html]
[www.allegro.cc/manual/5/al_have_opengl_extension.html]
[www.allegro.cc/manual/5/al_get_opengl_version.html]
[www.allegro.cc/manual/5/al_get_opengl_variant.html]
[www.allegro.cc/manual/5/al_set_current_opengl_context.html]
[www.allegro.cc/manual/5/ALLEGRO_AUDIO_DEPTH.html]
[www.allegro.cc/manual/5/ALLEGRO_AUDIO_PAN_NONE.html]
[www.allegro.cc/manual/5/ALLEGRO_CHANNEL_CONF.html]
[www.allegro.cc/manual/5/ALLEGRO_MIXER.html]
[www.allegro.cc/manual/5/ALLEGRO_MIXER_QUALITY.html]
[www.allegro.cc/manual/5/ALLEGRO_PLAYMODE.html]
[www.allegro.cc/manual/5/ALLEGRO_SAMPLE_ID.html]
[www.allegro.cc/manual/5/ALLEGRO_SAMPLE.html]
[www.allegro.cc/manual/5/ALLEGRO_SAMPLE_INSTANCE.html]
[www.allegro.cc/manual/5/ALLEGRO_AUDIO_STREAM.html]
[www.allegro.cc/manual/5/ALLEGRO_VOICE.html]
[www.allegro.cc/manual/5/al_install_audio.html]
[www.allegro.cc/manual/5/al_uninstall_audio.html]
[www.allegro.cc/manual/5/al_is_audio_installed.html]
[www.allegro.cc/manual/5/al_reserve_samples.html]
[www.allegro.cc/manual/5/al_get_allegro_audio_version.html]
[www.allegro.cc/manual/5/allegro_audio_depth-2.html]
[www.allegro.cc/manual/5/allegro_channel_conf-2.html]
[www.allegro.cc/manual/5/al_create_voice.html]
[www.allegro.cc/manual/5/al_destroy_voice.html]
[www.allegro.cc/manual/5/al_detach_voice.html]
[www.allegro.cc/manual/5/al_attach_audio_stream_to_voice.html]
[www.allegro.cc/manual/5/al_attach_mixer_to_voice.html]
[www.allegro.cc/manual/5/al_attach_sample_instance_to_voice.html]
[www.allegro.cc/manual/5/al_get_voice_frequency.html]
[www.allegro.cc/manual/5/al_get_voice_channels.html]
[www.allegro.cc/manual/5/al_get_voice_depth.html]
[www.allegro.cc/manual/5/al_get_voice_playing.html]
[www.allegro.cc/manual/5/al_set_voice_playing.html]
[www.allegro.cc/manual/5/al_get_voice_position.html]
[www.allegro.cc/manual/5/al_set_voice_position.html]
[www.allegro.cc/manual/5/al_create_sample.html]
[www.allegro.cc/manual/5/al_destroy_sample.html]
[www.allegro.cc/manual/5/al_play_sample.html]
[www.allegro.cc/manual/5/al_stop_sample.html]
[www.allegro.cc/manual/5/al_stop_samples.html]
[www.allegro.cc/manual/5/al_get_sample_channels.html]
[www.allegro.cc/manual/5/al_get_sample_depth.html]
[www.allegro.cc/manual/5/al_get_sample_frequency.html]
[www.allegro.cc/manual/5/al_get_sample_length.html]
[www.allegro.cc/manual/5/al_get_sample_data.html]
[www.allegro.cc/manual/5/al_create_sample_instance.html]
[www.allegro.cc/manual/5/al_destroy_sample_instance.html]
[www.allegro.cc/manual/5/al_play_sample_instance.html]
[www.allegro.cc/manual/5/al_stop_sample_instance.html]
[www.allegro.cc/manual/5/al_get_sample_instance_channels.html]
[www.allegro.cc/manual/5/al_get_sample_instance_depth.html]
[www.allegro.cc/manual/5/al_get_sample_instance_frequency.html]
[www.allegro.cc/manual/5/al_get_sample_instance_length.html]
[www.allegro.cc/manual/5/al_set_sample_instance_length.html]
[www.allegro.cc/manual/5/al_get_sample_instance_position.html]
[www.allegro.cc/manual/5/al_set_sample_instance_position.html]
[www.allegro.cc/manual/5/al_get_sample_instance_speed.html]
[www.allegro.cc/manual/5/al_set_sample_instance_speed.html]
[www.allegro.cc/manual/5/al_get_sample_instance_gain.html]
[www.allegro.cc/manual/5/al_set_sample_instance_gain.html]
[www.allegro.cc/manual/5/al_get_sample_instance_pan.html]
[www.allegro.cc/manual/5/al_set_sample_instance_pan.html]
[www.allegro.cc/manual/5/al_get_sample_instance_time.html]
[www.allegro.cc/manual/5/al_get_sample_instance_playmode.html]
[www.allegro.cc/manual/5/al_set_sample_instance_playmode.html]
[www.allegro.cc/manual/5/al_get_sample_instance_playing.html]
[www.allegro.cc/manual/5/al_set_sample_instance_playing.html]
[www.allegro.cc/manual/5/al_get_sample_instance_attached.html]
[www.allegro.cc/manual/5/al_detach_sample_instance.html]
[www.allegro.cc/manual/5/al_get_sample.html]
[www.allegro.cc/manual/5/al_set_sample.html]
[www.allegro.cc/manual/5/al_create_mixer.html]
[www.allegro.cc/manual/5/al_destroy_mixer.html]
[www.allegro.cc/manual/5/al_get_default_mixer.html]
[www.allegro.cc/manual/5/al_set_default_mixer.html]
[www.allegro.cc/manual/5/al_restore_default_mixer.html]
[www.allegro.cc/manual/5/al_attach_mixer_to_mixer.html]
[www.allegro.cc/manual/5/al_attach_sample_instance_to_mixer.html]
[www.allegro.cc/manual/5/al_attach_audio_stream_to_mixer.html]
[www.allegro.cc/manual/5/al_get_mixer_frequency.html]
[www.allegro.cc/manual/5/al_set_mixer_frequency.html]
[www.allegro.cc/manual/5/al_get_mixer_channels.html]
[www.allegro.cc/manual/5/al_get_mixer_depth.html]
[www.allegro.cc/manual/5/al_get_mixer_quality.html]
[www.allegro.cc/manual/5/al_set_mixer_quality.html]
[www.allegro.cc/manual/5/al_get_mixer_playing.html]
[www.allegro.cc/manual/5/al_set_mixer_playing.html]
[www.allegro.cc/manual/5/al_get_mixer_attached.html]
[www.allegro.cc/manual/5/al_detach_mixer.html]
[www.allegro.cc/manual/5/al_set_mixer_postprocess_callback.html]
[www.allegro.cc/manual/5/al_create_audio_stream.html]
[www.allegro.cc/manual/5/al_destroy_audio_stream.html]
[www.allegro.cc/manual/5/al_get_audio_stream_event_source.html]
[www.allegro.cc/manual/5/al_drain_audio_stream.html]
[www.allegro.cc/manual/5/al_rewind_audio_stream.html]
[www.allegro.cc/manual/5/al_get_audio_stream_frequency.html]
[www.allegro.cc/manual/5/al_get_audio_stream_channels.html]
[www.allegro.cc/manual/5/al_get_audio_stream_depth.html]
[www.allegro.cc/manual/5/al_get_audio_stream_length.html]
[www.allegro.cc/manual/5/al_get_audio_stream_speed.html]
[www.allegro.cc/manual/5/al_set_audio_stream_speed.html]
[www.allegro.cc/manual/5/al_get_audio_stream_gain.html]
[www.allegro.cc/manual/5/al_set_audio_stream_gain.html]
[www.allegro.cc/manual/5/al_get_audio_stream_pan.html]
[www.allegro.cc/manual/5/al_set_audio_stream_pan.html]
[www.allegro.cc/manual/5/al_get_audio_stream_playing.html]
[www.allegro.cc/manual/5/al_set_audio_stream_playing.html]
[www.allegro.cc/manual/5/al_get_audio_stream_playmode.html]
[www.allegro.cc/manual/5/al_set_audio_stream_playmode.html]
[www.allegro.cc/manual/5/al_get_audio_stream_attached.html]
[www.allegro.cc/manual/5/al_detach_audio_stream.html]
[www.allegro.cc/manual/5/al_get_audio_stream_fragment.html]
[www.allegro.cc/manual/5/al_set_audio_stream_fragment.html]
[www.allegro.cc/manual/5/al_get_audio_stream_fragments.html]
[www.allegro.cc/manual/5/al_get_available_audio_stream_fragments.html]
[www.allegro.cc/manual/5/al_seek_audio_stream_secs.html]
[www.allegro.cc/manual/5/al_get_audio_stream_position_secs.html]
[www.allegro.cc/manual/5/al_get_audio_stream_length_secs.html]
[www.allegro.cc/manual/5/al_set_audio_stream_loop_secs.html]
[www.allegro.cc/manual/5/al_register_sample_loader.html]
[www.allegro.cc/manual/5/al_register_sample_loader_f.html]
[www.allegro.cc/manual/5/al_register_sample_saver.html]
[www.allegro.cc/manual/5/al_register_sample_saver_f.html]
[www.allegro.cc/manual/5/al_register_audio_stream_loader.html]
[www.allegro.cc/manual/5/al_register_audio_stream_loader_f.html]
[www.allegro.cc/manual/5/al_load_sample.html]
[www.allegro.cc/manual/5/al_load_sample_f.html]
[www.allegro.cc/manual/5/al_load_audio_stream.html]
[www.allegro.cc/manual/5/al_load_audio_stream_f.html]
[www.allegro.cc/manual/5/al_save_sample.html]
[www.allegro.cc/manual/5/al_save_sample_f.html]
[www.allegro.cc/manual/5/al_init_acodec_addon.html]
[www.allegro.cc/manual/5/al_get_allegro_acodec_version.html]
[www.allegro.cc/manual/5/al_color_cmyk.html]
[www.allegro.cc/manual/5/al_color_cmyk_to_rgb.html]
[www.allegro.cc/manual/5/al_color_hsl.html]
[www.allegro.cc/manual/5/al_color_hsl_to_rgb.html]
[www.allegro.cc/manual/5/al_color_hsv.html]
[www.allegro.cc/manual/5/al_color_hsv_to_rgb.html]
[www.allegro.cc/manual/5/al_color_html.html]
[www.allegro.cc/manual/5/al_color_html_to_rgb.html]
[www.allegro.cc/manual/5/al_color_rgb_to_html.html]
[www.allegro.cc/manual/5/al_color_name.html]
[www.allegro.cc/manual/5/al_color_name_to_rgb.html]
[www.allegro.cc/manual/5/al_color_rgb_to_cmyk.html]
[www.allegro.cc/manual/5/al_color_rgb_to_hsl.html]
[www.allegro.cc/manual/5/al_color_rgb_to_hsv.html]
[www.allegro.cc/manual/5/al_color_rgb_to_name.html]
[www.allegro.cc/manual/5/al_color_rgb_to_yuv.html]
[www.allegro.cc/manual/5/al_color_yuv.html]
[www.allegro.cc/manual/5/al_color_yuv_to_rgb.html]
[www.allegro.cc/manual/5/al_get_allegro_color_version.html]
[www.allegro.cc/manual/5/ALLEGRO_FONT.html]
[www.allegro.cc/manual/5/al_init_font_addon.html]
[www.allegro.cc/manual/5/al_shutdown_font_addon.html]
[www.allegro.cc/manual/5/al_load_font.html]
[www.allegro.cc/manual/5/al_destroy_font.html]
[www.allegro.cc/manual/5/al_register_font_loader.html]
[www.allegro.cc/manual/5/al_get_font_line_height.html]
[www.allegro.cc/manual/5/al_get_font_ascent.html]
[www.allegro.cc/manual/5/al_get_font_descent.html]
[www.allegro.cc/manual/5/al_get_text_width.html]
[www.allegro.cc/manual/5/al_get_ustr_width.html]
[www.allegro.cc/manual/5/al_draw_text.html]
[www.allegro.cc/manual/5/al_draw_ustr.html]
[www.allegro.cc/manual/5/al_draw_justified_text.html]
[www.allegro.cc/manual/5/al_draw_justified_ustr.html]
[www.allegro.cc/manual/5/al_draw_textf.html]
[www.allegro.cc/manual/5/al_draw_justified_textf.html]
[www.allegro.cc/manual/5/al_get_text_dimensions.html]
[www.allegro.cc/manual/5/al_get_ustr_dimensions.html]
[www.allegro.cc/manual/5/al_get_allegro_font_version.html]
[www.allegro.cc/manual/5/al_grab_font_from_bitmap.html]
[www.allegro.cc/manual/5/al_load_bitmap_font.html]
[www.allegro.cc/manual/5/al_init_ttf_addon.html]
[www.allegro.cc/manual/5/al_shutdown_ttf_addon.html]
[www.allegro.cc/manual/5/al_load_ttf_font.html]
[www.allegro.cc/manual/5/al_load_ttf_font_f.html]
[www.allegro.cc/manual/5/al_get_allegro_ttf_version.html]
[www.allegro.cc/manual/5/al_init_image_addon.html]
[www.allegro.cc/manual/5/al_shutdown_image_addon.html]
[www.allegro.cc/manual/5/al_get_allegro_image_version.html]
[www.allegro.cc/manual/5/al_open_memfile.html]
[www.allegro.cc/manual/5/al_get_allegro_memfile_version.html]
[www.allegro.cc/manual/5/ALLEGRO_FILECHOOSER.html]
[www.allegro.cc/manual/5/ALLEGRO_TEXTLOG.html]
[www.allegro.cc/manual/5/al_create_native_file_dialog.html]
[www.allegro.cc/manual/5/al_show_native_file_dialog.html]
[www.allegro.cc/manual/5/al_get_native_file_dialog_count.html]
[www.allegro.cc/manual/5/al_get_native_file_dialog_path.html]
[www.allegro.cc/manual/5/al_destroy_native_file_dialog.html]
[www.allegro.cc/manual/5/al_show_native_message_box.html]
[www.allegro.cc/manual/5/al_open_native_text_log.html]
[www.allegro.cc/manual/5/al_close_native_text_log.html]
[www.allegro.cc/manual/5/al_append_native_text_log.html]
[www.allegro.cc/manual/5/al_get_native_text_log_event_source.html]
[www.allegro.cc/manual/5/al_get_allegro_native_dialog_version.html]
[www.allegro.cc/manual/5/al_set_physfs_file_interface.html]
[www.allegro.cc/manual/5/al_get_allegro_physfs_version.html]
[www.allegro.cc/manual/5/al_get_allegro_primitives_version.html]
[www.allegro.cc/manual/5/al_init_primitives_addon.html]
[www.allegro.cc/manual/5/al_shutdown_primitives_addon.html]
[www.allegro.cc/manual/5/al_draw_line.html]
[www.allegro.cc/manual/5/al_draw_triangle.html]
[www.allegro.cc/manual/5/al_draw_filled_triangle.html]
[www.allegro.cc/manual/5/al_draw_rectangle.html]
[www.allegro.cc/manual/5/al_draw_filled_rectangle.html]
[www.allegro.cc/manual/5/al_draw_rounded_rectangle.html]
[www.allegro.cc/manual/5/al_draw_filled_rounded_rectangle.html]
[www.allegro.cc/manual/5/al_calculate_arc.html]
[www.allegro.cc/manual/5/al_draw_ellipse.html]
[www.allegro.cc/manual/5/al_draw_filled_ellipse.html]
[www.allegro.cc/manual/5/al_draw_circle.html]
[www.allegro.cc/manual/5/al_draw_filled_circle.html]
[www.allegro.cc/manual/5/al_draw_arc.html]
[www.allegro.cc/manual/5/al_calculate_spline.html]
[www.allegro.cc/manual/5/al_draw_spline.html]
[www.allegro.cc/manual/5/al_calculate_ribbon.html]
[www.allegro.cc/manual/5/al_draw_ribbon.html]
[www.allegro.cc/manual/5/al_draw_prim.html]
[www.allegro.cc/manual/5/al_draw_indexed_prim.html]
[www.allegro.cc/manual/5/al_create_vertex_decl.html]
[www.allegro.cc/manual/5/al_destroy_vertex_decl.html]
[www.allegro.cc/manual/5/al_draw_soft_triangle.html]
[www.allegro.cc/manual/5/al_draw_soft_line.html]
[www.allegro.cc/manual/5/ALLEGRO_VERTEX.html]
[www.allegro.cc/manual/5/ALLEGRO_VERTEX_DECL.html]
[www.allegro.cc/manual/5/ALLEGRO_VERTEX_ELEMENT.html]
[www.allegro.cc/manual/5/ALLEGRO_PRIM_TYPE.html]
[www.allegro.cc/manual/5/ALLEGRO_PRIM_ATTR.html]
[www.allegro.cc/manual/5/ALLEGRO_PRIM_STORAGE.html]
[www.allegro.cc/manual/5/ALLEGRO_VERTEX_CACHE_SIZE.html]
[www.allegro.cc/manual/5/ALLEGRO_PRIM_QUALITY.html]
[www.allegro.cc/manual/5/allegro_display-2.html]
[www.allegro.cc/manual/5/allegro_color-2.html]
[www.allegro.cc/manual/5/allegro_bitmap-2.html]
[www.allegro.cc/manual/5/allegro_event-2.html]
[www.allegro.cc/manual/5/allegro_voice-2.html]
[www.allegro.cc/manual/5/allegro_mixer-2.html]
[www.allegro.cc/manual/5/allegro_audio_stream-2.html]
[www.allegro.cc/manual/5/allegro_sample_instance-2.html]
[www.allegro.cc/manual/5/allegro_sample-2.html]
[www.allegro.cc/manual/5/bg.png]
[www.allegro.cc/manual/5/manual.css]
[www.allegro.cc/manual/5/al_draw_line.html]
